2025-10-25 16:41:25.631 - --- Inicio de Sesión del Simulador ---
2025-10-25 16:41:25.641 - Inicializando Simulador...
2025-10-25 16:41:25.643 - CARGANDO ESTADO desde sim_estado.txt...
2025-10-25 16:41:25.646 -    Planificador cargado: 1. FCFS (No Expropiativo)
2025-10-25 16:41:25.646 - Carga de estado completada.
2025-10-25 16:41:25.647 - Estado cargado desde sim_estado.txt
2025-10-25 16:41:25.647 - Reiniciando hilos post-carga...
2025-10-25 16:41:25.647 - Simulador listo. Planificador: 1. FCFS (No Expropiativo)
2025-10-25 21:21:51.938 - --- Inicio de Sesión del Simulador ---
2025-10-25 21:21:51.954 - --- Inicio de Sesión del Simulador ---
2025-10-25 21:21:51.955 - Inicializando Simulador...
2025-10-25 21:21:51.958 - CARGANDO ESTADO desde sim_estado.txt...
2025-10-25 21:21:51.959 -    Planificador cargado: 1. FCFS (No Expropiativo)
2025-10-25 21:21:51.959 - Carga de estado completada.
2025-10-25 21:21:51.959 - Estado cargado desde sim_estado.txt
2025-10-25 21:21:51.959 - Reiniciando hilos post-carga...
2025-10-25 21:21:51.959 - Simulador listo. Planificador: 1. FCFS (No Expropiativo)
2025-10-25 21:56:11.935 - --- Inicio de Sesión del Simulador ---
2025-10-25 22:13:20.925 - --- Inicio de Sesión del Simulador ---
2025-10-25 22:13:20.939 - --- Inicio de Sesión del Simulador ---
2025-10-25 22:13:20.939 - Inicializando Simulador...
2025-10-25 22:13:20.941 - CARGANDO ESTADO desde sim_estado.txt...
2025-10-25 22:13:20.942 - ERROR al instanciar Planificador so_operativos.PlanificadorFCFS: so_operativos.PlanificadorFCFS. Usando FCFS.
2025-10-25 22:13:20.942 - Carga de estado completada.
2025-10-25 22:13:20.942 - Estado cargado desde sim_estado.txt
2025-10-25 22:13:20.942 - Reiniciando hilos post-carga...
2025-10-25 22:13:20.943 - Simulador listo. Planificador: 1. FCFS (No Expropiativo)
2025-10-25 22:14:03.694 - Cerrando Simulador...
2025-10-25 22:14:03.695 - --- Fin de Sesión del Simulador ---
2025-10-25 22:14:23.633 - --- Inicio de Sesión del Simulador ---
2025-10-25 22:14:23.650 - --- Inicio de Sesión del Simulador ---
2025-10-25 22:14:23.651 - Inicializando Simulador...
2025-10-25 22:14:23.652 - CARGANDO ESTADO desde sim_estado.txt...
2025-10-25 22:14:23.655 - ERROR al instanciar Planificador so_operativos.PlanificadorFCFS: so_operativos.PlanificadorFCFS. Usando FCFS.
2025-10-25 22:14:23.655 - Carga de estado completada.
2025-10-25 22:14:23.655 - Estado cargado desde sim_estado.txt
2025-10-25 22:14:23.655 - Reiniciando hilos post-carga...
2025-10-25 22:14:23.656 - Simulador listo. Planificador: 1. FCFS (No Expropiativo)
2025-10-25 22:14:36.965 - Duración del ciclo cambiada a 1290ms.
2025-10-25 22:14:37.856 - Duración del ciclo cambiada a 660ms.
2025-10-25 22:14:39.400 - Duración del ciclo cambiada a 176ms.
2025-10-25 22:15:01.165 - CARGANDO ESTADO desde sim_estado.txt...
2025-10-25 22:15:01.166 - ERROR al instanciar Planificador so_operativos.PlanificadorFCFS: so_operativos.PlanificadorFCFS. Usando FCFS.
2025-10-25 22:15:01.166 - Carga de estado completada.
2025-10-25 22:15:01.166 - Reiniciando hilos post-carga...
2025-10-25 22:15:01.168 - Cambio de Planificador: 1. FCFS (No Expropiativo) -> 1. FCFS (No Expropiativo)
2025-10-25 22:15:07.420 - CARGANDO ESTADO desde sim_estado.txt...
2025-10-25 22:15:07.421 - ERROR al instanciar Planificador so_operativos.PlanificadorFCFS: so_operativos.PlanificadorFCFS. Usando FCFS.
2025-10-25 22:15:07.421 - Carga de estado completada.
2025-10-25 22:15:07.421 - Reiniciando hilos post-carga...
2025-10-25 22:15:07.422 - Cambio de Planificador: 1. FCFS (No Expropiativo) -> 1. FCFS (No Expropiativo)
2025-10-25 22:15:12.505 - CARGANDO ESTADO desde sim_estado.txt...
2025-10-25 22:15:12.506 - ERROR al instanciar Planificador so_operativos.PlanificadorFCFS: so_operativos.PlanificadorFCFS. Usando FCFS.
2025-10-25 22:15:12.506 - Carga de estado completada.
2025-10-25 22:15:12.506 - Reiniciando hilos post-carga...
2025-10-25 22:15:12.507 - Cambio de Planificador: 1. FCFS (No Expropiativo) -> 1. FCFS (No Expropiativo)
2025-10-25 22:15:25.498 - Solicitud para agregar Proceso 1 (novia)
2025-10-25 22:15:25.499 -    -> Proceso 1 admitido a LISTO.
2025-10-25 22:16:13.849 - Solicitud para agregar Proceso 2 (novia linda)
2025-10-25 22:16:13.849 -    -> Proceso 2 admitido a LISTO.
2025-10-25 22:16:16.374 - Inicio Ciclo 1 @ Tiempo Simulado 176ms
2025-10-25 22:16:16.375 - CPU Idle. Intentando planificar...
2025-10-25 22:16:16.375 - CONTEXT SWITCH: Proceso 1 (novia) seleccionado para ejecución.
2025-10-25 22:16:16.379 - Proceso 1 (novia) cambió estado: LISTO -> EJECUCION
2025-10-25 22:16:21.123 - Inicio Ciclo 2 @ Tiempo Simulado 352ms
2025-10-25 22:16:21.132 - Proceso 1 (novia) cambió estado: EJECUCION -> TERMINADO
2025-10-25 22:16:21.137 - PROCESO TERMINADO: ID=1, Nombre=novia, Tiempo Retorno=55638ms
2025-10-25 22:16:23.572 - Inicio Ciclo 3 @ Tiempo Simulado 528ms
2025-10-25 22:16:23.572 - CPU Idle. Intentando planificar...
2025-10-25 22:16:23.572 - CONTEXT SWITCH: Proceso 2 (novia linda) seleccionado para ejecución.
2025-10-25 22:16:23.572 - Proceso 2 (novia linda) cambió estado: LISTO -> EJECUCION
2025-10-25 22:16:23.749 - Inicio Ciclo 4 @ Tiempo Simulado 704ms
2025-10-25 22:16:23.749 - Proceso 2 (novia linda) cambió estado: EJECUCION -> TERMINADO
2025-10-25 22:16:23.749 - PROCESO TERMINADO: ID=2, Nombre=novia linda, Tiempo Retorno=9900ms
2025-10-25 22:16:33.784 - METRICAS FINALES: Procesos=2, Throughput=0.025 p/s, CPU Util=6.07%, T.RetornoAvg=32769.00ms, T.RespAvg=32769.00ms, T.EsperaAvg=30302.00ms
2025-10-25 22:16:45.184 - Duración del ciclo cambiada a 2000ms.
2025-10-25 22:16:53.846 - CARGANDO ESTADO desde sim_estado.txt...
2025-10-25 22:16:53.847 - ERROR al instanciar Planificador so_operativos.PlanificadorFCFS: so_operativos.PlanificadorFCFS. Usando FCFS.
2025-10-25 22:16:53.847 - Carga de estado completada.
2025-10-25 22:16:53.847 - Reiniciando hilos post-carga...
2025-10-25 22:16:53.847 - Cambio de Planificador: 1. FCFS (No Expropiativo) -> 1. FCFS (No Expropiativo)
2025-10-25 22:17:08.498 - Cambio de Planificador: 1. FCFS (No Expropiativo) -> 4. Round Robin (Expropiativo Q: 20)
2025-10-25 22:39:07.527 - Cerrando Simulador...
2025-10-25 22:39:07.528 - --- Fin de Sesión del Simulador ---
2025-10-25 22:43:00.460 - --- Inicio de Sesión del Simulador ---
2025-10-25 22:43:00.478 - --- Inicio de Sesión del Simulador ---
2025-10-25 22:43:00.478 - Inicializando Simulador...
2025-10-25 22:43:00.479 - CARGANDO ESTADO desde sim_estado.txt...
2025-10-25 22:43:00.481 - ERROR al instanciar Planificador so_operativos.PlanificadorFCFS: so_operativos.PlanificadorFCFS. Usando FCFS.
2025-10-25 22:43:00.481 - Carga de estado completada.
2025-10-25 22:43:00.481 - Estado cargado desde sim_estado.txt
2025-10-25 22:43:00.481 - Reiniciando hilos post-carga...
2025-10-25 22:43:00.482 - Simulador listo. Planificador: 1. FCFS (No Expropiativo)
2025-10-25 22:43:58.769 - --- Inicio de Sesión del Simulador ---
2025-10-25 22:43:58.785 - --- Inicio de Sesión del Simulador ---
2025-10-25 22:43:58.785 - Inicializando Simulador...
2025-10-25 22:43:58.787 - CARGANDO ESTADO desde sim_estado.txt...
2025-10-25 22:43:58.788 - ERROR al instanciar Planificador so_operativos.PlanificadorFCFS: so_operativos.PlanificadorFCFS. Usando FCFS.
2025-10-25 22:43:58.788 - Carga de estado completada.
2025-10-25 22:43:58.789 - Estado cargado desde sim_estado.txt
2025-10-25 22:43:58.789 - Reiniciando hilos post-carga...
2025-10-25 22:43:58.789 - Simulador listo. Planificador: 1. FCFS (No Expropiativo)
2025-10-25 22:44:06.099 - Cerrando Simulador...
2025-10-25 22:44:06.099 - --- Fin de Sesión del Simulador ---
2025-10-25 22:44:54.359 - Duración del ciclo cambiada a 1998ms.
2025-10-25 22:44:54.882 - Duración del ciclo cambiada a 1997ms.
2025-10-25 22:44:55.660 - Duración del ciclo cambiada a 1994ms.
2025-10-25 22:44:57.761 - Duración del ciclo cambiada a 219ms.
2025-10-25 22:44:59.710 - Duración del ciclo cambiada a 10ms.
2025-10-25 22:45:04.089 - CARGANDO ESTADO desde sim_estado.txt...
2025-10-25 22:45:04.090 - ERROR al instanciar Planificador so_operativos.PlanificadorFCFS: so_operativos.PlanificadorFCFS. Usando FCFS.
2025-10-25 22:45:04.090 - Carga de estado completada.
2025-10-25 22:45:04.092 - Reiniciando hilos post-carga...
2025-10-25 22:45:15.271 - CARGANDO ESTADO desde sim_estado.txt...
2025-10-25 22:45:15.272 - ERROR al instanciar Planificador so_operativos.PlanificadorFCFS: so_operativos.PlanificadorFCFS. Usando FCFS.
2025-10-25 22:45:15.273 - Carga de estado completada.
2025-10-25 22:45:15.273 - Reiniciando hilos post-carga...
2025-10-25 22:45:18.342 - Duración del ciclo cambiada a 414ms.
2025-10-25 22:45:18.828 - Duración del ciclo cambiada a 414ms.
2025-10-25 22:45:19.872 - Duración del ciclo cambiada a 10ms.
2025-10-25 22:45:21.662 - CARGANDO ESTADO desde sim_estado.txt...
2025-10-25 22:45:21.663 - ERROR al instanciar Planificador so_operativos.PlanificadorFCFS: so_operativos.PlanificadorFCFS. Usando FCFS.
2025-10-25 22:45:21.664 - Carga de estado completada.
2025-10-25 22:45:21.664 - Reiniciando hilos post-carga...
2025-10-25 22:45:29.289 - CARGANDO ESTADO desde sim_estado.txt...
2025-10-25 22:45:29.290 - ERROR al instanciar Planificador so_operativos.PlanificadorFCFS: so_operativos.PlanificadorFCFS. Usando FCFS.
2025-10-25 22:45:29.290 - Carga de estado completada.
2025-10-25 22:45:29.291 - Reiniciando hilos post-carga...
2025-10-25 22:45:36.768 - CARGANDO ESTADO desde sim_estado.txt...
2025-10-25 22:45:36.769 - ERROR al instanciar Planificador so_operativos.PlanificadorFCFS: so_operativos.PlanificadorFCFS. Usando FCFS.
2025-10-25 22:45:36.769 - Carga de estado completada.
2025-10-25 22:45:36.770 - Reiniciando hilos post-carga...
2025-10-25 22:45:43.243 - Cambio de Planificador: 1. FCFS (No Expropiativo) -> 2. SJF (No Expropiativo)
2025-10-25 22:45:54.594 - CARGANDO ESTADO desde sim_estado.txt...
2025-10-25 22:45:54.595 - ERROR al instanciar Planificador so_operativos.PlanificadorFCFS: so_operativos.PlanificadorFCFS. Usando FCFS.
2025-10-25 22:45:54.596 - Carga de estado completada.
2025-10-25 22:45:54.596 - Reiniciando hilos post-carga...
2025-10-25 22:46:14.680 - Cerrando Simulador...
2025-10-25 22:46:14.681 - --- Fin de Sesión del Simulador ---
2025-10-25 22:47:02.117 - --- Inicio de Sesión del Simulador ---
2025-10-25 22:47:02.132 - --- Inicio de Sesión del Simulador ---
2025-10-25 22:47:02.133 - Inicializando Simulador...
2025-10-25 22:47:02.134 - CARGANDO ESTADO desde sim_estado.txt...
2025-10-25 22:47:02.136 - ERROR al instanciar Planificador so_operativos.PlanificadorFCFS: so_operativos.PlanificadorFCFS. Usando FCFS.
2025-10-25 22:47:02.136 - Carga de estado completada.
2025-10-25 22:47:02.136 - Estado cargado desde sim_estado.txt
2025-10-25 22:47:02.136 - Reiniciando hilos post-carga...
2025-10-25 22:47:02.137 - Simulador listo. Planificador: 1. FCFS (No Expropiativo)
2025-10-25 22:49:36.068 - Cerrando Simulador...
2025-10-25 22:49:36.069 - --- Fin de Sesión del Simulador ---
2025-10-25 22:49:51.410 - --- Inicio de Sesión del Simulador ---
2025-10-25 22:49:51.412 - Inicializando Simulador...
2025-10-25 22:49:51.413 - CARGANDO ESTADO desde sim_estado.txt...
2025-10-25 22:49:51.414 - ERROR al instanciar Planificador so_operativos.PlanificadorFCFS: so_operativos.PlanificadorFCFS. Usando FCFS.
2025-10-25 22:49:51.414 - Carga de estado completada.
2025-10-25 22:49:51.414 - Estado cargado desde sim_estado.txt
2025-10-25 22:49:51.414 - Reiniciando hilos post-carga...
2025-10-25 22:49:51.415 - Simulador listo. Planificador: 1. FCFS (No Expropiativo)
2025-10-25 22:49:56.033 - Cerrando Simulador...
2025-10-25 22:49:56.033 - --- Fin de Sesión del Simulador ---
2025-10-25 22:50:05.041 - --- Inicio de Sesión del Simulador ---
2025-10-25 22:50:05.056 - --- Inicio de Sesión del Simulador ---
2025-10-25 22:50:05.056 - Inicializando Simulador...
2025-10-25 22:50:05.058 - CARGANDO ESTADO desde sim_estado.txt...
2025-10-25 22:50:05.060 - ERROR al instanciar Planificador so_operativos.PlanificadorFCFS: so_operativos.PlanificadorFCFS. Usando FCFS.
2025-10-25 22:50:05.060 - Carga de estado completada.
2025-10-25 22:50:05.060 - Estado cargado desde sim_estado.txt
2025-10-25 22:50:05.060 - Reiniciando hilos post-carga...
2025-10-25 22:50:05.061 - Simulador listo. Planificador: 1. FCFS (No Expropiativo)
2025-10-25 22:50:52.614 - Cerrando Simulador...
2025-10-25 22:50:52.615 - --- Fin de Sesión del Simulador ---
2025-10-25 22:50:55.574 - --- Inicio de Sesión del Simulador ---
2025-10-25 22:50:55.588 - --- Inicio de Sesión del Simulador ---
2025-10-25 22:50:55.588 - Inicializando Simulador...
2025-10-25 22:50:55.590 - CARGANDO ESTADO desde sim_estado.txt...
2025-10-25 22:50:55.592 - ERROR al instanciar Planificador so_operativos.PlanificadorFCFS: so_operativos.PlanificadorFCFS. Usando FCFS.
2025-10-25 22:50:55.592 - Carga de estado completada.
2025-10-25 22:50:55.592 - Estado cargado desde sim_estado.txt
2025-10-25 22:50:55.592 - Reiniciando hilos post-carga...
2025-10-25 22:50:55.593 - Simulador listo. Planificador: 1. FCFS (No Expropiativo)
2025-10-25 22:51:10.538 - CARGANDO ESTADO desde sim_estado.txt...
2025-10-25 22:51:10.539 - ERROR al instanciar Planificador so_operativos.PlanificadorFCFS: so_operativos.PlanificadorFCFS. Usando FCFS.
2025-10-25 22:51:10.539 - Carga de estado completada.
2025-10-25 22:51:10.540 - Reiniciando hilos post-carga...
2025-10-25 22:51:16.949 - GUARDANDO ESTADO...
2025-10-25 22:51:16.952 - Estado guardado exitosamente.
2025-10-25 22:51:37.430 - Solicitud para agregar Proceso 1 (CARGA)
2025-10-25 22:51:37.430 -    -> Proceso 1 admitido a LISTO.
2025-10-25 22:51:39.462 - Inicio Ciclo 1 @ Tiempo Simulado 10ms
2025-10-25 22:51:39.463 - CPU Idle. Intentando planificar...
2025-10-25 22:51:39.464 - CONTEXT SWITCH: Proceso 1 (CARGA) seleccionado para ejecución.
2025-10-25 22:51:39.469 - Proceso 1 (CARGA) cambió estado: LISTO -> EJECUCION
2025-10-25 22:51:39.473 - Inicio Ciclo 2 @ Tiempo Simulado 20ms
2025-10-25 22:51:39.487 - Inicio Ciclo 3 @ Tiempo Simulado 30ms
2025-10-25 22:51:39.487 - Proceso 1 (CARGA) cambió estado: EJECUCION -> TERMINADO
2025-10-25 22:51:39.492 - PROCESO TERMINADO: ID=1, Nombre=CARGA, Tiempo Retorno=2060ms
2025-10-25 22:51:44.518 - Duración del ciclo cambiada a 358ms.
2025-10-25 22:51:47.580 - GUARDANDO ESTADO...
2025-10-25 22:51:47.581 - Estado guardado exitosamente.
2025-10-25 22:52:06.198 - Solicitud para agregar Proceso 2 (NUEVO PROCESO)
2025-10-25 22:52:06.198 -    -> Proceso 2 admitido a LISTO.
2025-10-25 22:52:18.050 - Inicio Ciclo 1 @ Tiempo Simulado 388ms
2025-10-25 22:52:18.051 - CPU Idle. Intentando planificar...
2025-10-25 22:52:18.051 - CONTEXT SWITCH: Proceso 2 (NUEVO PROCESO) seleccionado para ejecución.
2025-10-25 22:52:18.051 - Proceso 2 (NUEVO PROCESO) cambió estado: LISTO -> EJECUCION
2025-10-25 22:52:18.409 - Inicio Ciclo 2 @ Tiempo Simulado 746ms
2025-10-25 22:52:18.410 - Proceso 2 (NUEVO PROCESO) cambió estado: EJECUCION -> TERMINADO
2025-10-25 22:52:18.411 - PROCESO TERMINADO: ID=2, Nombre=NUEVO PROCESO, Tiempo Retorno=12212ms
2025-10-25 22:52:31.212 - METRICAS FINALES: Procesos=2, Throughput=0.025 p/s, CPU Util=0.48%, T.RetornoAvg=7136.00ms, T.RespAvg=7136.00ms, T.EsperaAvg=6945.00ms
2025-10-25 22:52:47.444 - Cambio de Planificador: 1. FCFS (No Expropiativo) -> 3. SRT (SJF Expropiativo)
2025-10-25 22:52:56.589 - Solicitud para agregar Proceso 3 (NUEVO)
2025-10-25 22:52:56.589 -    -> Proceso 3 admitido a LISTO.
2025-10-25 22:52:58.359 - Inicio Ciclo 3 @ Tiempo Simulado 1104ms
2025-10-25 22:52:58.359 - CPU Idle. Intentando planificar...
2025-10-25 22:52:58.360 - CONTEXT SWITCH: Proceso 3 (NUEVO) seleccionado para ejecución.
2025-10-25 22:52:58.360 - Proceso 3 (NUEVO) cambió estado: LISTO -> EJECUCION
2025-10-25 22:53:00.200 - Inicio Ciclo 4 @ Tiempo Simulado 1462ms
2025-10-25 22:53:00.201 - Proceso 3 (NUEVO) cambió estado: EJECUCION -> TERMINADO
2025-10-25 22:53:00.201 - PROCESO TERMINADO: ID=3, Nombre=NUEVO, Tiempo Retorno=3612ms
2025-10-25 22:53:04.233 - Duración del ciclo cambiada a 1028ms.
2025-10-25 22:53:29.087 - CARGANDO ESTADO desde sim_estado.txt...
2025-10-25 22:53:29.088 -    Planificador cargado: 1. FCFS (No Expropiativo)
2025-10-25 22:53:29.089 - Carga de estado completada.
2025-10-25 22:53:29.089 - Reiniciando hilos post-carga...
2025-10-25 22:53:32.582 - GUARDANDO ESTADO...
2025-10-25 22:53:32.583 - Estado guardado exitosamente.
2025-10-25 22:53:40.053 - METRICAS FINALES: Procesos=1, Throughput=0.091 p/s, CPU Util=0.00%, T.RetornoAvg=2060.00ms, T.RespAvg=2060.00ms, T.EsperaAvg=2037.00ms
2025-10-25 22:53:54.645 - Solicitud para agregar Proceso 2 (AYUDA)
2025-10-25 22:53:54.645 -    -> Proceso 2 admitido a LISTO.
2025-10-25 22:54:01.829 - Inicio Ciclo 1 @ Tiempo Simulado 1028ms
2025-10-25 22:54:01.829 - CPU Idle. Intentando planificar...
2025-10-25 22:54:01.829 - CONTEXT SWITCH: Proceso 2 (AYUDA) seleccionado para ejecución.
2025-10-25 22:54:01.829 - Proceso 2 (AYUDA) cambió estado: LISTO -> EJECUCION
2025-10-25 22:54:02.859 - Inicio Ciclo 2 @ Tiempo Simulado 2056ms
2025-10-25 22:54:02.860 - Proceso 2 (AYUDA) cambió estado: EJECUCION -> TERMINADO
2025-10-25 22:54:02.860 - PROCESO TERMINADO: ID=2, Nombre=AYUDA, Tiempo Retorno=8215ms
2025-10-25 22:54:08.028 - GUARDANDO ESTADO...
2025-10-25 22:54:08.028 - Estado guardado exitosamente.
2025-10-25 22:54:10.547 - GUARDANDO ESTADO...
2025-10-25 22:54:10.548 - Estado guardado exitosamente.
2025-10-25 22:54:13.112 - CARGANDO ESTADO desde sim_estado.txt...
2025-10-25 22:54:13.113 -    Planificador cargado: 1. FCFS (No Expropiativo)
2025-10-25 22:54:13.113 - Carga de estado completada.
2025-10-25 22:54:13.113 - Reiniciando hilos post-carga...
2025-10-25 22:54:16.120 - CARGANDO ESTADO desde sim_estado.txt...
2025-10-25 22:54:16.121 -    Planificador cargado: 1. FCFS (No Expropiativo)
2025-10-25 22:54:16.121 - Carga de estado completada.
2025-10-25 22:54:16.121 - Reiniciando hilos post-carga...
2025-10-25 22:56:05.113 - Duración del ciclo cambiada a 10ms.
2025-10-25 23:02:51.957 - --- Inicio de Sesión del Simulador ---
2025-10-25 23:02:51.970 - --- Inicio de Sesión del Simulador ---
2025-10-25 23:02:51.970 - Inicializando Simulador...
2025-10-25 23:02:51.971 - CARGANDO ESTADO desde sim_estado.txt...
2025-10-25 23:02:51.974 -    Planificador cargado: 1. FCFS (No Expropiativo)
2025-10-25 23:02:51.974 - Carga de estado completada.
2025-10-25 23:02:51.974 - Estado cargado desde sim_estado.txt
2025-10-25 23:02:51.974 - Reiniciando hilos post-carga...
2025-10-25 23:02:51.974 - Simulador listo. Planificador: 1. FCFS (No Expropiativo)
2025-10-25 23:02:57.927 - Duración del ciclo cambiada a 500ms desde GUI.
2025-10-25 23:03:01.804 - Duración del ciclo cambiada a 100000ms desde GUI.
2025-10-25 23:03:04.344 - Duración del ciclo cambiada a 10ms desde GUI.
2025-10-25 23:22:01.083 - METRICAS FINALES: Procesos=2, Throughput=0.002 p/s, CPU Util=0.00%, T.RetornoAvg=5137.50ms, T.RespAvg=5137.50ms, T.EsperaAvg=4610.50ms
2025-10-25 23:22:04.564 - Cambio de Planificador: 1. FCFS (No Expropiativo) -> 3. SRT (SJF Expropiativo)
2025-10-25 23:22:07.694 - CARGANDO ESTADO desde sim_estado.txt...
2025-10-25 23:22:07.695 -    Planificador cargado: 1. FCFS (No Expropiativo)
2025-10-25 23:22:07.695 - Carga de estado completada.
2025-10-25 23:22:07.695 - Reiniciando hilos post-carga...
2025-10-25 23:22:27.146 - Solicitud para agregar Proceso 3 (sw)
2025-10-25 23:22:27.146 -    -> Proceso 3 admitido a LISTO.
2025-10-25 23:22:29.826 - Inicio Ciclo 1 @ Tiempo Simulado 10ms
2025-10-25 23:22:29.827 - CPU Idle. Intentando planificar...
2025-10-25 23:22:29.827 - CONTEXT SWITCH: Proceso 3 (sw) seleccionado para ejecución.
2025-10-25 23:22:29.831 - Proceso 3 (sw) cambió estado: LISTO -> EJECUCION
2025-10-25 23:22:29.834 - Inicio Ciclo 2 @ Tiempo Simulado 20ms
2025-10-25 23:22:29.850 - Inicio Ciclo 3 @ Tiempo Simulado 30ms
2025-10-25 23:22:29.861 - Inicio Ciclo 4 @ Tiempo Simulado 40ms
2025-10-25 23:22:29.861 - Proceso 3 (sw) cambió estado: EJECUCION -> TERMINADO
2025-10-25 23:22:29.865 - PROCESO TERMINADO: ID=3, Nombre=sw, Tiempo Retorno=2715ms
2025-10-25 23:22:33.600 - METRICAS FINALES: Procesos=3, Throughput=0.116 p/s, CPU Util=0.15%, T.RetornoAvg=4330.00ms, T.RespAvg=4330.00ms, T.EsperaAvg=3967.33ms
2025-10-25 23:23:15.952 - GUARDANDO ESTADO...
2025-10-25 23:23:15.954 - Estado guardado exitosamente.
2025-10-25 23:23:16.718 - METRICAS FINALES: Procesos=3, Throughput=0.043 p/s, CPU Util=0.06%, T.RetornoAvg=4330.00ms, T.RespAvg=4330.00ms, T.EsperaAvg=3967.33ms
2025-10-25 23:23:41.918 - Cerrando Simulador...
2025-10-25 23:23:41.920 - METRICAS FINALES: Procesos=3, Throughput=0.032 p/s, CPU Util=0.04%, T.RetornoAvg=4330.00ms, T.RespAvg=4330.00ms, T.EsperaAvg=3967.33ms
2025-10-25 23:23:41.920 - --- Fin de Sesión del Simulador ---
2025-10-25 23:28:47.348 - --- Inicio de Sesión del Simulador ---
2025-10-25 23:28:47.366 - --- Inicio de Sesión del Simulador ---
2025-10-25 23:28:47.367 - Inicializando Simulador...
2025-10-25 23:28:47.369 - CARGANDO ESTADO desde sim_estado.txt...
2025-10-25 23:28:47.374 -    Planificador cargado: 1. FCFS (No Expropiativo)
2025-10-25 23:28:47.374 - Carga de estado completada.
2025-10-25 23:28:47.374 - Estado cargado desde sim_estado.txt
2025-10-25 23:28:47.374 - Reiniciando hilos post-carga...
2025-10-25 23:28:47.375 - Simulador listo. Planificador: 1. FCFS (No Expropiativo)
2025-10-25 23:29:02.168 - GUARDANDO ESTADO...
2025-10-25 23:29:02.169 - Estado guardado exitosamente.
2025-10-25 23:30:51.664 - Cerrando Simulador...
2025-10-25 23:30:51.667 - METRICAS FINALES: Procesos=3, Throughput=0.024 p/s, CPU Util=0.00%, T.RetornoAvg=4330.00ms, T.RespAvg=4330.00ms, T.EsperaAvg=3967.33ms
2025-10-25 23:30:51.668 - --- Fin de Sesión del Simulador ---
2025-10-25 23:31:01.486 - --- Inicio de Sesión del Simulador ---
2025-10-25 23:31:01.502 - --- Inicio de Sesión del Simulador ---
2025-10-25 23:31:01.502 - Inicializando Simulador...
2025-10-25 23:31:01.504 - CARGANDO ESTADO desde sim_estado.txt...
2025-10-25 23:31:01.506 -    Planificador cargado: 1. FCFS (No Expropiativo)
2025-10-25 23:31:01.506 - Carga de estado completada.
2025-10-25 23:31:01.506 - Estado cargado desde sim_estado.txt
2025-10-25 23:31:01.506 - Reiniciando hilos post-carga...
2025-10-25 23:31:01.506 - Simulador listo. Planificador: 1. FCFS (No Expropiativo)
2025-10-25 23:31:06.266 - Cerrando Simulador...
2025-10-25 23:31:06.269 - METRICAS FINALES: Procesos=3, Throughput=0.630 p/s, CPU Util=0.00%, T.RetornoAvg=4330.00ms, T.RespAvg=4330.00ms, T.EsperaAvg=3967.33ms
2025-10-25 23:31:06.269 - --- Fin de Sesión del Simulador ---
2025-10-25 23:33:37.958 - --- Inicio de Sesión del Simulador ---
2025-10-25 23:33:37.974 - --- Inicio de Sesión del Simulador ---
2025-10-25 23:33:37.975 - Inicializando Simulador...
2025-10-25 23:33:37.976 - CARGANDO ESTADO desde sim_estado.txt...
2025-10-25 23:33:37.978 -    Planificador cargado: 1. FCFS (No Expropiativo)
2025-10-25 23:33:37.979 - Carga de estado completada.
2025-10-25 23:33:37.979 - Estado cargado desde sim_estado.txt
2025-10-25 23:33:37.979 - Reiniciando hilos post-carga...
2025-10-25 23:33:37.979 - Simulador listo. Planificador: 1. FCFS (No Expropiativo)
2025-10-25 23:34:24.030 - CARGANDO ESTADO desde sim_estado.txt...
2025-10-25 23:34:24.031 -    Planificador cargado: 1. FCFS (No Expropiativo)
2025-10-25 23:34:24.031 - Carga de estado completada.
2025-10-25 23:34:24.032 - Reiniciando hilos post-carga...
2025-10-25 23:34:28.652 - CARGANDO ESTADO desde sim_estado.txt...
2025-10-25 23:34:28.653 -    Planificador cargado: 1. FCFS (No Expropiativo)
2025-10-25 23:34:28.653 - Carga de estado completada.
2025-10-25 23:34:28.653 - Reiniciando hilos post-carga...
2025-10-25 23:34:30.195 - GUARDANDO ESTADO...
2025-10-25 23:34:30.198 - Estado guardado exitosamente.
2025-10-25 23:42:28.004 - --- Inicio de Sesión del Simulador ---
2025-10-25 23:42:28.018 - --- Inicio de Sesión del Simulador ---
2025-10-25 23:42:28.018 - Inicializando Simulador...
2025-10-25 23:42:28.019 - CARGANDO ESTADO desde sim_estado.txt...
2025-10-25 23:42:28.022 -    Planificador cargado: 1. FCFS (No Expropiativo)
2025-10-25 23:42:28.022 - Carga de estado completada.
2025-10-25 23:42:28.022 - Estado cargado desde sim_estado.txt
2025-10-25 23:42:28.022 - Reiniciando hilos post-carga...
2025-10-25 23:42:28.022 - Simulador listo. Planificador: 1. FCFS (No Expropiativo)
2025-10-25 23:42:32.190 - Cerrando Simulador...
2025-10-25 23:42:32.194 - METRICAS FINALES: Procesos=3, Throughput=0.006 p/s, CPU Util=0.00%, T.RetornoAvg=4330.00ms, T.RespAvg=4330.00ms, T.EsperaAvg=3967.33ms
2025-10-25 23:42:32.194 - --- Fin de Sesión del Simulador ---
2025-10-26 00:29:19.933 - --- Inicio de Sesión del Simulador ---
2025-10-26 00:29:19.935 - Inicializando Simulador...
2025-10-26 00:29:19.936 - CARGANDO ESTADO desde sim_estado.txt...
2025-10-26 00:29:19.937 -    Planificador cargado: 1. FCFS (No Expropiativo)
2025-10-26 00:29:19.938 - Carga de estado completada.
2025-10-26 00:29:19.938 - Estado cargado desde sim_estado.txt
2025-10-26 00:29:19.938 - Reiniciando hilos post-carga...
2025-10-26 00:29:19.938 - Simulador listo. Planificador: 1. FCFS (No Expropiativo)
2025-10-26 00:33:08.451 - Cerrando Simulador...
2025-10-26 00:33:08.462 - METRICAS FINALES: Procesos=3, Throughput=0.013 p/s, CPU Util=0.00%, T.RetornoAvg=4330.00ms, T.RespAvg=4330.00ms, T.EsperaAvg=3967.33ms
2025-10-26 00:33:08.463 - --- Fin de Sesión del Simulador ---
2025-10-26 00:33:14.529 - --- Inicio de Sesión del Simulador ---
2025-10-26 00:33:14.544 - --- Inicio de Sesión del Simulador ---
2025-10-26 00:33:14.544 - Inicializando Simulador...
2025-10-26 00:33:14.546 - CARGANDO ESTADO desde sim_estado.txt...
2025-10-26 00:33:14.548 -    Planificador cargado: 1. FCFS (No Expropiativo)
2025-10-26 00:33:14.548 - Carga de estado completada.
2025-10-26 00:33:14.548 - Estado cargado desde sim_estado.txt
2025-10-26 00:33:14.548 - Reiniciando hilos post-carga...
2025-10-26 00:33:14.548 - Simulador listo. Planificador: 1. FCFS (No Expropiativo)
2025-10-26 00:33:19.977 - Cerrando Simulador...
2025-10-26 00:33:19.979 - METRICAS FINALES: Procesos=3, Throughput=0.552 p/s, CPU Util=0.00%, T.RetornoAvg=4330.00ms, T.RespAvg=4330.00ms, T.EsperaAvg=3967.33ms
2025-10-26 00:33:19.979 - --- Fin de Sesión del Simulador ---
2025-10-26 01:18:23.006 - --- Inicio de Sesión del Simulador ---
2025-10-26 01:18:23.024 - --- Inicio de Sesión del Simulador ---
2025-10-26 01:18:23.024 - Inicializando Simulador...
2025-10-26 01:18:23.027 - CARGANDO ESTADO desde sim_estado.txt...
2025-10-26 01:18:23.030 -    Planificador cargado: 1. FCFS (No Expropiativo)
2025-10-26 01:18:23.030 - Carga de estado completada.
2025-10-26 01:18:23.030 - Estado cargado desde sim_estado.txt
2025-10-26 01:18:23.030 - Reiniciando hilos post-carga...
2025-10-26 01:18:23.030 - Simulador listo. Planificador: 1. FCFS (No Expropiativo)
2025-10-26 01:21:18.514 - Cerrando Simulador...
2025-10-26 01:21:18.525 - METRICAS FINALES: Procesos=3, Throughput=0.017 p/s, CPU Util=0.00%, T.RetornoAvg=4330.00ms, T.RespAvg=4330.00ms, T.EsperaAvg=3967.33ms
2025-10-26 01:21:18.525 - --- Fin de Sesión del Simulador ---
2025-10-26 01:21:22.345 - --- Inicio de Sesión del Simulador ---
2025-10-26 01:21:22.361 - --- Inicio de Sesión del Simulador ---
2025-10-26 01:21:22.361 - Inicializando Simulador...
2025-10-26 01:21:22.363 - CARGANDO ESTADO desde sim_estado.txt...
2025-10-26 01:21:22.367 -    Planificador cargado: 1. FCFS (No Expropiativo)
2025-10-26 01:21:22.367 - Carga de estado completada.
2025-10-26 01:21:22.367 - Estado cargado desde sim_estado.txt
2025-10-26 01:21:22.367 - Reiniciando hilos post-carga...
2025-10-26 01:21:22.367 - Simulador listo. Planificador: 1. FCFS (No Expropiativo)
2025-10-26 01:21:35.697 - CARGANDO ESTADO desde sim_estado.txt...
2025-10-26 01:21:35.698 -    Planificador cargado: 1. FCFS (No Expropiativo)
2025-10-26 01:21:35.698 - Carga de estado completada.
2025-10-26 01:21:35.699 - Reiniciando hilos post-carga...
2025-10-26 01:21:42.536 - Ciclo: 10ms (GUI).
2025-10-26 01:27:55.622 - CARGANDO ESTADO desde sim_estado.txt...
2025-10-26 01:27:55.623 -    Planificador cargado: 1. FCFS (No Expropiativo)
2025-10-26 01:27:55.624 - Carga de estado completada.
2025-10-26 01:27:55.624 - Reiniciando hilos post-carga...
2025-10-26 01:27:59.213 - GUARDANDO ESTADO...
2025-10-26 01:27:59.223 - Estado guardado exitosamente.
2025-10-26 01:29:05.585 - CARGANDO ESTADO desde sim_estado.txt...
2025-10-26 01:29:05.586 -    Planificador cargado: 1. FCFS (No Expropiativo)
2025-10-26 01:29:05.586 - Carga de estado completada.
2025-10-26 01:29:05.586 - Reiniciando hilos post-carga...
2025-10-26 01:29:20.596 - Solicitud para agregar Proceso 4 (cargar)
2025-10-26 01:29:20.606 -    -> Proceso 4 admitido a LISTO.
2025-10-26 01:29:23.592 - Inicio Ciclo 1 @ Tiempo Simulado 10ms
2025-10-26 01:29:23.594 - CPU Idle. Intentando planificar...
2025-10-26 01:29:23.594 - CONTEXT SWITCH: Proceso 4 (cargar) seleccionado para ejecución.
2025-10-26 01:29:23.600 - Proceso 4 (cargar) cambió estado: LISTO -> EJECUCION
2025-10-26 01:29:23.606 - Inicio Ciclo 2 @ Tiempo Simulado 20ms
2025-10-26 01:29:23.618 - Inicio Ciclo 3 @ Tiempo Simulado 30ms
2025-10-26 01:29:23.618 - Proceso 4 (cargar) cambió estado: EJECUCION -> TERMINADO
2025-10-26 01:29:23.622 - PROCESO TERMINADO: ID=4, Nombre=cargar, Tiempo Retorno=3022ms
2025-10-26 01:29:38.276 - Cambio de Planificador: 1. FCFS (No Expropiativo) -> 4. Round Robin (Expropiativo Q: 20)
2025-10-26 01:29:51.624 - CARGANDO ESTADO desde sim_estado.txt...
2025-10-26 01:29:51.625 -    Planificador cargado: 1. FCFS (No Expropiativo)
2025-10-26 01:29:51.625 - Carga de estado completada.
2025-10-26 01:29:51.626 - Reiniciando hilos post-carga...
2025-10-26 01:29:54.555 - GUARDANDO ESTADO...
2025-10-26 01:29:54.555 - Estado guardado exitosamente.
2025-10-26 01:30:18.941 - Solicitud para agregar Proceso 4 (ayuda)
2025-10-26 01:30:18.941 -    -> Proceso 4 admitido a LISTO.
2025-10-26 01:30:26.027 - Inicio Ciclo 1 @ Tiempo Simulado 10ms
2025-10-26 01:30:26.027 - CPU Idle. Intentando planificar...
2025-10-26 01:30:26.027 - CONTEXT SWITCH: Proceso 4 (ayuda) seleccionado para ejecución.
2025-10-26 01:30:26.027 - Proceso 4 (ayuda) cambió estado: LISTO -> EJECUCION
2025-10-26 01:30:26.038 - Inicio Ciclo 2 @ Tiempo Simulado 20ms
2025-10-26 01:30:26.038 - Proceso 4 (ayuda) cambió estado: EJECUCION -> TERMINADO
2025-10-26 01:30:26.038 - PROCESO TERMINADO: ID=4, Nombre=ayuda, Tiempo Retorno=7097ms
2025-10-26 01:30:33.013 - METRICAS FINALES: Procesos=4, Throughput=0.097 p/s, CPU Util=0.03%, T.RetornoAvg=5021.75ms, T.RespAvg=5021.75ms, T.EsperaAvg=4747.00ms
2025-10-26 01:30:47.633 - GUARDANDO ESTADO...
2025-10-26 01:30:47.633 - Estado guardado exitosamente.
2025-10-26 01:30:49.061 - CARGANDO ESTADO desde sim_estado.txt...
2025-10-26 01:30:49.062 -    Planificador cargado: 1. FCFS (No Expropiativo)
2025-10-26 01:30:49.062 - Carga de estado completada.
2025-10-26 01:30:49.063 - Reiniciando hilos post-carga...
2025-10-26 01:30:52.358 - GUARDANDO ESTADO...
2025-10-26 01:30:52.359 - Estado guardado exitosamente.
2025-10-26 01:30:53.533 - GUARDANDO ESTADO...
2025-10-26 01:30:53.534 - Estado guardado exitosamente.
2025-10-26 01:30:54.153 - GUARDANDO ESTADO...
2025-10-26 01:30:54.153 - Estado guardado exitosamente.
2025-10-26 01:30:54.607 - GUARDANDO ESTADO...
2025-10-26 01:30:54.607 - Estado guardado exitosamente.
2025-10-26 01:30:54.844 - GUARDANDO ESTADO...
2025-10-26 01:30:54.845 - Estado guardado exitosamente.
2025-10-26 01:45:39.565 - Cerrando Simulador...
2025-10-26 01:45:39.569 - METRICAS FINALES: Procesos=4, Throughput=0.004 p/s, CPU Util=0.00%, T.RetornoAvg=5021.75ms, T.RespAvg=5021.75ms, T.EsperaAvg=4747.00ms
2025-10-26 01:45:39.569 - --- Fin de Sesión del Simulador ---
2025-10-26 01:45:46.344 - --- Inicio de Sesión del Simulador ---
2025-10-26 01:45:46.379 - --- Inicio de Sesión del Simulador ---
2025-10-26 01:45:46.379 - Inicializando Simulador...
2025-10-26 01:45:46.389 - CARGANDO ESTADO desde sim_estado.txt...
2025-10-26 01:45:46.395 -    Planificador cargado: 1. FCFS (No Expropiativo)
2025-10-26 01:45:46.395 - Carga de estado completada.
2025-10-26 01:45:46.396 - Estado cargado desde sim_estado.txt
2025-10-26 01:45:46.396 - Reiniciando hilos post-carga...
2025-10-26 01:45:46.396 - Simulador listo. Planificador: 1. FCFS (No Expropiativo)
2025-10-26 01:46:02.562 - --- SIMULACIÓN RESETEADA ---
2025-10-26 01:46:02.562 - Simulador listo. Planificador: 1. FCFS (No Expropiativo)
2025-10-26 01:46:02.563 - Cambio de Planificador: 1. FCFS (No Expropiativo) -> 1. FCFS (No Expropiativo)
2025-10-26 01:46:32.669 - Cerrando Simulador...
2025-10-26 01:46:32.669 - --- Fin de Sesión del Simulador ---
2025-10-26 01:48:20.641 - --- Inicio de Sesión del Simulador ---
2025-10-26 01:48:20.670 - --- Inicio de Sesión del Simulador ---
2025-10-26 01:48:20.670 - Inicializando Simulador...
2025-10-26 01:48:20.680 - CARGANDO ESTADO desde sim_estado.txt...
2025-10-26 01:48:20.684 -    Planificador cargado: 1. FCFS (No Expropiativo)
2025-10-26 01:48:20.685 - Carga de estado completada.
2025-10-26 01:48:20.685 - Estado cargado desde sim_estado.txt
2025-10-26 01:48:20.685 - Reiniciando hilos post-carga...
2025-10-26 01:48:20.685 - Simulador listo. Planificador: 1. FCFS (No Expropiativo)
2025-10-26 01:50:27.842 - Cerrando Simulador...
2025-10-26 01:50:27.853 - METRICAS FINALES: Procesos=4, Throughput=0.031 p/s, CPU Util=0.00%, T.RetornoAvg=5021.75ms, T.RespAvg=5021.75ms, T.EsperaAvg=4747.00ms
2025-10-26 01:50:27.854 - --- Fin de Sesión del Simulador ---
2025-10-26 01:50:31.075 - --- Inicio de Sesión del Simulador ---
2025-10-26 01:50:31.110 - --- Inicio de Sesión del Simulador ---
2025-10-26 01:50:31.111 - Inicializando Simulador...
2025-10-26 01:50:31.119 - CARGANDO ESTADO desde sim_estado.txt...
2025-10-26 01:50:31.123 -    Planificador cargado: 1. FCFS (No Expropiativo)
2025-10-26 01:50:31.123 - Carga de estado completada.
2025-10-26 01:50:31.123 - Estado cargado desde sim_estado.txt
2025-10-26 01:50:31.123 - Reiniciando hilos post-carga...
2025-10-26 01:50:31.123 - Simulador listo. Planificador: 1. FCFS (No Expropiativo)
2025-10-26 01:50:37.110 - Cerrando Simulador...
2025-10-26 01:50:37.113 - METRICAS FINALES: Procesos=4, Throughput=0.668 p/s, CPU Util=0.00%, T.RetornoAvg=5021.75ms, T.RespAvg=5021.75ms, T.EsperaAvg=4747.00ms
2025-10-26 01:50:37.113 - --- Fin de Sesión del Simulador ---
2025-10-26 01:51:05.498 - --- Inicio de Sesión del Simulador ---
2025-10-26 01:51:05.533 - --- Inicio de Sesión del Simulador ---
2025-10-26 01:51:05.534 - Inicializando Simulador...
2025-10-26 01:51:05.543 - CARGANDO ESTADO desde sim_estado.txt...
2025-10-26 01:51:05.549 -    Planificador cargado: 1. FCFS (No Expropiativo)
2025-10-26 01:51:05.549 - Carga de estado completada.
2025-10-26 01:51:05.550 - Estado cargado desde sim_estado.txt
2025-10-26 01:51:05.550 - Reiniciando hilos post-carga...
2025-10-26 01:51:05.550 - Simulador listo. Planificador: 1. FCFS (No Expropiativo)
2025-10-26 01:51:10.489 - Cerrando Simulador...
2025-10-26 01:51:10.492 - METRICAS FINALES: Procesos=4, Throughput=0.809 p/s, CPU Util=0.00%, T.RetornoAvg=5021.75ms, T.RespAvg=5021.75ms, T.EsperaAvg=4747.00ms
2025-10-26 01:51:10.492 - --- Fin de Sesión del Simulador ---
2025-10-26 01:51:46.882 - --- Inicio de Sesión del Simulador ---
2025-10-26 01:51:46.910 - --- Inicio de Sesión del Simulador ---
2025-10-26 01:51:46.910 - Inicializando Simulador...
2025-10-26 01:51:46.917 - CARGANDO ESTADO desde sim_estado.txt...
2025-10-26 01:51:46.922 -    Planificador cargado: 1. FCFS (No Expropiativo)
2025-10-26 01:51:46.922 - Carga de estado completada.
2025-10-26 01:51:46.922 - Estado cargado desde sim_estado.txt
2025-10-26 01:51:46.922 - Reiniciando hilos post-carga...
2025-10-26 01:51:46.922 - Simulador listo. Planificador: 1. FCFS (No Expropiativo)
2025-10-26 01:51:58.605 - Cerrando Simulador...
2025-10-26 01:51:58.608 - METRICAS FINALES: Procesos=4, Throughput=0.342 p/s, CPU Util=0.00%, T.RetornoAvg=5021.75ms, T.RespAvg=5021.75ms, T.EsperaAvg=4747.00ms
2025-10-26 01:51:58.608 - --- Fin de Sesión del Simulador ---
2025-10-26 01:52:02.656 - --- Inicio de Sesión del Simulador ---
2025-10-26 01:52:02.686 - --- Inicio de Sesión del Simulador ---
2025-10-26 01:52:02.686 - Inicializando Simulador...
2025-10-26 01:52:02.695 - CARGANDO ESTADO desde sim_estado.txt...
2025-10-26 01:52:02.701 -    Planificador cargado: 1. FCFS (No Expropiativo)
2025-10-26 01:52:02.701 - Carga de estado completada.
2025-10-26 01:52:02.701 - Estado cargado desde sim_estado.txt
2025-10-26 01:52:02.701 - Reiniciando hilos post-carga...
2025-10-26 01:52:02.702 - Simulador listo. Planificador: 1. FCFS (No Expropiativo)
2025-10-26 01:52:39.231 - CARGANDO ESTADO desde C:\Users\Edgar\Documents\NetBeansProjects\PROYECTO SO\Proyecto-SO\SO_Operativos\sim_config.txt...
2025-10-26 01:52:39.232 - WARN: Planificador no encontrado. Usando FCFS.
2025-10-26 01:52:39.232 - Carga de estado completada.
2025-10-26 01:52:39.234 - Reiniciando hilos post-carga...
2025-10-26 01:52:46.494 - CARGANDO ESTADO desde C:\Users\Edgar\Documents\NetBeansProjects\PROYECTO SO\Proyecto-SO\SO_Operativos\sim_estado.txt...
2025-10-26 01:52:46.495 -    Planificador cargado: 1. FCFS (No Expropiativo)
2025-10-26 01:52:46.495 - Carga de estado completada.
2025-10-26 01:52:46.496 - Reiniciando hilos post-carga...
2025-10-26 01:52:52.445 - CARGANDO ESTADO desde C:\Users\Edgar\Documents\NetBeansProjects\PROYECTO SO\Proyecto-SO\SO_Operativos\sim_config.txt...
2025-10-26 01:52:52.446 - WARN: Planificador no encontrado. Usando FCFS.
2025-10-26 01:52:52.446 - Carga de estado completada.
2025-10-26 01:52:52.446 - Reiniciando hilos post-carga...
2025-10-26 01:53:01.204 - Cerrando Simulador...
2025-10-26 01:53:01.205 - --- Fin de Sesión del Simulador ---
2025-10-26 02:35:20.635 - --- Inicio de Sesión del Simulador ---
2025-10-26 02:35:20.636 - Inicializando Simulador...
2025-10-26 02:35:20.644 - CARGANDO ESTADO desde sim_estado.txt...
2025-10-26 02:35:20.651 -    Planificador cargado: 1. FCFS (No Expropiativo)
2025-10-26 02:35:20.651 - Carga de estado completada.
2025-10-26 02:35:20.651 - Estado cargado desde sim_estado.txt
2025-10-26 02:35:20.653 - Reiniciando hilos post-carga...
2025-10-26 02:35:20.653 - Simulador listo. Planificador: 1. FCFS (No Expropiativo)
2025-10-26 02:35:30.356 - --- SIMULACIÓN RESETEADA ---
2025-10-26 02:35:30.356 - Simulador listo. Planificador: 1. FCFS (No Expropiativo)
2025-10-26 02:35:30.359 - Cambio de Planificador: 1. FCFS (No Expropiativo) -> 1. FCFS (No Expropiativo)
2025-10-26 02:35:36.904 - CARGANDO ESTADO desde C:\Users\Edgar\Documents\NetBeansProjects\PROYECTO SO\Proyecto-SO\SO_Operativos\sim_estado.txt...
2025-10-26 02:35:36.905 -    Planificador cargado: 1. FCFS (No Expropiativo)
2025-10-26 02:35:36.905 - Carga de estado completada.
2025-10-26 02:35:36.906 - Reiniciando hilos post-carga...
2025-10-26 02:35:41.870 - CARGANDO ESTADO desde C:\Users\Edgar\Documents\NetBeansProjects\PROYECTO SO\Proyecto-SO\SO_Operativos\sim_config.txt...
2025-10-26 02:35:41.870 - WARN: Planificador no encontrado. Usando FCFS.
2025-10-26 02:35:41.870 - Carga de estado completada.
2025-10-26 02:35:41.871 - Reiniciando hilos post-carga...
2025-10-26 02:35:57.383 - Solicitud para agregar Proceso 1 (admin)
2025-10-26 02:35:57.384 -    -> Proceso 1 admitido a LISTO.
2025-10-26 02:36:00.409 - Inicio Ciclo 1 @ Tiempo Simulado 10ms
2025-10-26 02:36:00.411 - CPU Idle. Intentando planificar...
2025-10-26 02:36:00.411 - CONTEXT SWITCH: Proceso 1 (admin) seleccionado para ejecución.
2025-10-26 02:36:00.417 - Proceso 1 (admin) cambió estado: LISTO -> EJECUCION
2025-10-26 02:36:00.422 - Inicio Ciclo 2 @ Tiempo Simulado 20ms
2025-10-26 02:36:00.470 - Inicio Ciclo 3 @ Tiempo Simulado 30ms
2025-10-26 02:36:00.482 - Inicio Ciclo 4 @ Tiempo Simulado 40ms
2025-10-26 02:36:00.493 - Inicio Ciclo 5 @ Tiempo Simulado 50ms
2025-10-26 02:36:00.504 - Inicio Ciclo 6 @ Tiempo Simulado 60ms
2025-10-26 02:36:00.515 - Inicio Ciclo 7 @ Tiempo Simulado 70ms
2025-10-26 02:36:00.527 - Inicio Ciclo 8 @ Tiempo Simulado 80ms
2025-10-26 02:36:00.539 - Inicio Ciclo 9 @ Tiempo Simulado 90ms
2025-10-26 02:36:00.551 - Inicio Ciclo 10 @ Tiempo Simulado 100ms
2025-10-26 02:36:00.562 - Inicio Ciclo 11 @ Tiempo Simulado 110ms
2025-10-26 02:36:00.573 - Inicio Ciclo 12 @ Tiempo Simulado 120ms
2025-10-26 02:36:00.584 - Inicio Ciclo 13 @ Tiempo Simulado 130ms
2025-10-26 02:36:00.595 - Inicio Ciclo 14 @ Tiempo Simulado 140ms
2025-10-26 02:36:00.606 - Inicio Ciclo 15 @ Tiempo Simulado 150ms
2025-10-26 02:36:00.617 - Inicio Ciclo 16 @ Tiempo Simulado 160ms
2025-10-26 02:36:00.628 - Inicio Ciclo 17 @ Tiempo Simulado 170ms
2025-10-26 02:36:00.640 - Inicio Ciclo 18 @ Tiempo Simulado 180ms
2025-10-26 02:36:00.651 - Inicio Ciclo 19 @ Tiempo Simulado 190ms
2025-10-26 02:36:00.651 - Proceso 1 (admin) cambió estado: EJECUCION -> TERMINADO
2025-10-26 02:36:00.660 - PROCESO TERMINADO: ID=1, Nombre=admin, Tiempo Retorno=3268ms
2025-10-26 02:36:30.250 - Solicitud para agregar Proceso 2 (teclado)
2025-10-26 02:36:30.251 -    -> Proceso 2 admitido a LISTO.
2025-10-26 02:36:37.467 - Ciclo: 10000ms (GUI).
2025-10-26 02:36:38.711 - Inicio Ciclo 1 @ Tiempo Simulado 10190ms
2025-10-26 02:36:38.711 - CPU Idle. Intentando planificar...
2025-10-26 02:36:38.711 - CONTEXT SWITCH: Proceso 2 (teclado) seleccionado para ejecución.
2025-10-26 02:36:38.711 - Proceso 2 (teclado) cambió estado: LISTO -> EJECUCION
2025-10-26 02:36:48.712 - Inicio Ciclo 2 @ Tiempo Simulado 20190ms
2025-10-26 02:36:48.712 - Proceso 2 (teclado) cambió estado: EJECUCION -> TERMINADO
2025-10-26 02:36:48.713 - PROCESO TERMINADO: ID=2, Nombre=teclado, Tiempo Retorno=18462ms
2025-10-26 02:39:47.714 - Solicitud para agregar Proceso 3 (user)
2025-10-26 02:39:47.715 -    -> Proceso 3 admitido a LISTO.
2025-10-26 02:39:48.686 - Inicio Ciclo 3 @ Tiempo Simulado 30190ms
2025-10-26 02:39:48.687 - CPU Idle. Intentando planificar...
2025-10-26 02:39:48.687 - CONTEXT SWITCH: Proceso 3 (user) seleccionado para ejecución.
2025-10-26 02:39:48.687 - Proceso 3 (user) cambió estado: LISTO -> EJECUCION
2025-10-26 02:39:58.692 - Inicio Ciclo 4 @ Tiempo Simulado 40190ms
2025-10-26 02:39:58.692 - Proceso 3 (user) cambió estado: EJECUCION -> TERMINADO
2025-10-26 02:39:58.693 - PROCESO TERMINADO: ID=3, Nombre=user, Tiempo Retorno=10978ms
2025-10-26 02:40:17.683 - GUARDANDO ESTADO...
2025-10-26 02:40:17.684 - Estado guardado exitosamente.
2025-10-26 02:40:22.598 - CARGANDO ESTADO desde C:\Users\Edgar\Documents\NetBeansProjects\PROYECTO SO\Proyecto-SO\SO_Operativos\sim_estado.txt...
2025-10-26 02:40:22.599 -    Planificador cargado: 1. FCFS (No Expropiativo)
2025-10-26 02:40:22.600 - Carga de estado completada.
2025-10-26 02:40:22.600 - Reiniciando hilos post-carga...
2025-10-26 02:40:25.869 - --- SIMULACIÓN RESETEADA ---
2025-10-26 02:40:25.870 - Simulador listo. Planificador: 1. FCFS (No Expropiativo)
2025-10-26 02:40:25.870 - Cambio de Planificador: 1. FCFS (No Expropiativo) -> 1. FCFS (No Expropiativo)
2025-10-26 02:40:31.293 - CARGANDO ESTADO desde C:\Users\Edgar\Documents\NetBeansProjects\PROYECTO SO\Proyecto-SO\SO_Operativos\sim_estado.txt...
2025-10-26 02:40:31.294 -    Planificador cargado: 1. FCFS (No Expropiativo)
2025-10-26 02:40:31.294 - Carga de estado completada.
2025-10-26 02:40:31.294 - Reiniciando hilos post-carga...
2025-10-26 02:40:42.121 - Cambio de Planificador: 1. FCFS (No Expropiativo) -> 3. SRT (SJF Expropiativo)
2025-10-26 02:40:49.572 - Solicitud para agregar Proceso 4 (fu)
2025-10-26 02:40:49.572 -    -> Proceso 4 admitido a LISTO.
2025-10-26 02:40:51.468 - Inicio Ciclo 1 @ Tiempo Simulado 10000ms
2025-10-26 02:40:51.468 - CPU Idle. Intentando planificar...
2025-10-26 02:40:51.468 - CONTEXT SWITCH: Proceso 4 (fu) seleccionado para ejecución.
2025-10-26 02:40:51.468 - Proceso 4 (fu) cambió estado: LISTO -> EJECUCION
2025-10-26 02:41:01.468 - Inicio Ciclo 2 @ Tiempo Simulado 20000ms
2025-10-26 02:41:01.469 - Proceso 4 (fu) cambió estado: EJECUCION -> TERMINADO
2025-10-26 02:41:01.470 - PROCESO TERMINADO: ID=4, Nombre=fu, Tiempo Retorno=11897ms
2025-10-26 02:41:03.657 - WARN: Sleep del ciclo principal interrumpido.
2025-10-26 02:41:23.017 - Ciclo: 1000ms (GUI).
2025-10-26 02:41:35.666 - Ciclo: 50ms (GUI).
2025-10-26 02:41:38.525 - --- SIMULACIÓN RESETEADA ---
2025-10-26 02:41:38.525 - Simulador listo. Planificador: 1. FCFS (No Expropiativo)
2025-10-26 02:41:38.528 - Cambio de Planificador: 1. FCFS (No Expropiativo) -> 1. FCFS (No Expropiativo)
2025-10-26 02:41:44.619 - CARGANDO ESTADO desde C:\Users\Edgar\Documents\NetBeansProjects\PROYECTO SO\Proyecto-SO\SO_Operativos\sim_config.txt...
2025-10-26 02:41:44.620 - WARN: Planificador no encontrado. Usando FCFS.
2025-10-26 02:41:44.620 - Carga de estado completada.
2025-10-26 02:41:44.621 - Reiniciando hilos post-carga...
2025-10-26 02:41:50.827 - CARGANDO ESTADO desde C:\Users\Edgar\Documents\NetBeansProjects\PROYECTO SO\Proyecto-SO\SO_Operativos\sim_estado.txt...
2025-10-26 02:41:50.828 -    Planificador cargado: 1. FCFS (No Expropiativo)
2025-10-26 02:41:50.828 - Carga de estado completada.
2025-10-26 02:41:50.828 - Reiniciando hilos post-carga...
2025-10-26 02:44:30.239 - Solicitud para agregar Proceso 4 (teclado)
2025-10-26 02:44:30.239 -    -> Proceso 4 admitido a LISTO.
2025-10-26 02:44:39.982 - Solicitud para agregar Proceso 5 (entendiendo)
2025-10-26 02:44:39.982 -    -> Proceso 5 admitido a LISTO.
2025-10-26 02:44:49.973 - Solicitud para agregar Proceso 6 (capa)
2025-10-26 02:44:49.973 -    -> Proceso 6 admitido a LISTO.
2025-10-26 02:44:57.827 - Solicitud para agregar Proceso 7 (cinco)
2025-10-26 02:44:57.827 -    -> Proceso 7 admitido a LISTO.
2025-10-26 02:45:05.069 - Solicitud para agregar Proceso 8 (deseo)
2025-10-26 02:45:05.069 -    -> Proceso 8 admitido a LISTO.
2025-10-26 02:45:12.146 - Solicitud para agregar Proceso 9 (estirarse)
2025-10-26 02:45:12.146 - Proceso 9 (estirarse) cambió estado: LISTO -> SUSPENDIDO_LISTO
2025-10-26 02:45:12.146 -    -> Proceso 9 enviado a SUSPENDIDO_LISTO (Memoria llena).
2025-10-26 02:45:27.232 - Solicitud para agregar Proceso 10 (nuevodia)
2025-10-26 02:45:27.232 - Proceso 10 (nuevodia) cambió estado: LISTO -> SUSPENDIDO_LISTO
2025-10-26 02:45:27.233 -    -> Proceso 10 enviado a SUSPENDIDO_LISTO (Memoria llena).
2025-10-26 02:45:29.960 - Inicio Ciclo 1 @ Tiempo Simulado 50ms
2025-10-26 02:45:29.960 - CPU Idle. Intentando planificar...
2025-10-26 02:45:29.960 - CONTEXT SWITCH: Proceso 4 (teclado) seleccionado para ejecución.
2025-10-26 02:45:29.960 - Proceso 4 (teclado) cambió estado: LISTO -> EJECUCION
2025-10-26 02:45:30.011 - Inicio Ciclo 2 @ Tiempo Simulado 100ms
2025-10-26 02:45:30.018 - REANUDACIÓN (Mediano Plazo): Proceso 9 (estirarse) reanudado a LISTO.
2025-10-26 02:45:30.018 - Proceso 9 (estirarse) cambió estado: SUSPENDIDO_LISTO -> LISTO
2025-10-26 02:45:30.062 - Inicio Ciclo 3 @ Tiempo Simulado 150ms
2025-10-26 02:45:30.113 - Inicio Ciclo 4 @ Tiempo Simulado 200ms
2025-10-26 02:45:30.164 - Inicio Ciclo 5 @ Tiempo Simulado 250ms
2025-10-26 02:45:30.164 - Proceso 4 (teclado) cambió estado: EJECUCION -> TERMINADO
2025-10-26 02:45:30.164 - PROCESO TERMINADO: ID=4, Nombre=teclado, Tiempo Retorno=59925ms
2025-10-26 02:45:30.215 - Inicio Ciclo 6 @ Tiempo Simulado 300ms
2025-10-26 02:45:30.215 - CPU Idle. Intentando planificar...
2025-10-26 02:45:30.215 - CONTEXT SWITCH: Proceso 5 (entendiendo) seleccionado para ejecución.
2025-10-26 02:45:30.215 - Proceso 5 (entendiendo) cambió estado: LISTO -> EJECUCION
2025-10-26 02:45:30.266 - Inicio Ciclo 7 @ Tiempo Simulado 350ms
2025-10-26 02:45:30.266 - REANUDACIÓN (Mediano Plazo): Proceso 10 (nuevodia) reanudado a LISTO.
2025-10-26 02:45:30.266 - Proceso 10 (nuevodia) cambió estado: SUSPENDIDO_LISTO -> LISTO
2025-10-26 02:45:30.317 - Inicio Ciclo 8 @ Tiempo Simulado 400ms
2025-10-26 02:45:30.368 - Inicio Ciclo 9 @ Tiempo Simulado 450ms
2025-10-26 02:45:30.419 - Inicio Ciclo 10 @ Tiempo Simulado 500ms
2025-10-26 02:45:30.471 - Inicio Ciclo 11 @ Tiempo Simulado 550ms
2025-10-26 02:45:30.471 - Proceso 5 (entendiendo) cambió estado: EJECUCION -> TERMINADO
2025-10-26 02:45:30.471 - PROCESO TERMINADO: ID=5, Nombre=entendiendo, Tiempo Retorno=50489ms
2025-10-26 02:45:30.523 - Inicio Ciclo 12 @ Tiempo Simulado 600ms
2025-10-26 02:45:30.523 - CPU Idle. Intentando planificar...
2025-10-26 02:45:30.523 - CONTEXT SWITCH: Proceso 6 (capa) seleccionado para ejecución.
2025-10-26 02:45:30.523 - Proceso 6 (capa) cambió estado: LISTO -> EJECUCION
2025-10-26 02:45:30.574 - Inicio Ciclo 13 @ Tiempo Simulado 650ms
2025-10-26 02:45:30.625 - Inicio Ciclo 14 @ Tiempo Simulado 700ms
2025-10-26 02:45:30.677 - Inicio Ciclo 15 @ Tiempo Simulado 750ms
2025-10-26 02:45:30.729 - Inicio Ciclo 16 @ Tiempo Simulado 800ms
2025-10-26 02:45:30.729 - Proceso 6 (capa) cambió estado: EJECUCION -> TERMINADO
2025-10-26 02:45:30.729 - PROCESO TERMINADO: ID=6, Nombre=capa, Tiempo Retorno=40756ms
2025-10-26 02:45:30.779 - Inicio Ciclo 17 @ Tiempo Simulado 850ms
2025-10-26 02:45:30.779 - CPU Idle. Intentando planificar...
2025-10-26 02:45:30.779 - CONTEXT SWITCH: Proceso 7 (cinco) seleccionado para ejecución.
2025-10-26 02:45:30.779 - Proceso 7 (cinco) cambió estado: LISTO -> EJECUCION
2025-10-26 02:45:30.830 - Inicio Ciclo 18 @ Tiempo Simulado 900ms
2025-10-26 02:45:30.881 - Inicio Ciclo 19 @ Tiempo Simulado 950ms
2025-10-26 02:45:30.933 - Inicio Ciclo 20 @ Tiempo Simulado 1000ms
2025-10-26 02:45:30.984 - Inicio Ciclo 21 @ Tiempo Simulado 1050ms
2025-10-26 02:45:30.984 - Proceso 7 (cinco) cambió estado: EJECUCION -> TERMINADO
2025-10-26 02:45:30.984 - PROCESO TERMINADO: ID=7, Nombre=cinco, Tiempo Retorno=33157ms
2025-10-26 02:45:31.035 - Inicio Ciclo 22 @ Tiempo Simulado 1100ms
2025-10-26 02:45:31.035 - CPU Idle. Intentando planificar...
2025-10-26 02:45:31.035 - CONTEXT SWITCH: Proceso 8 (deseo) seleccionado para ejecución.
2025-10-26 02:45:31.035 - Proceso 8 (deseo) cambió estado: LISTO -> EJECUCION
2025-10-26 02:45:31.086 - Inicio Ciclo 23 @ Tiempo Simulado 1150ms
2025-10-26 02:45:31.138 - Inicio Ciclo 24 @ Tiempo Simulado 1200ms
2025-10-26 02:45:31.189 - Inicio Ciclo 25 @ Tiempo Simulado 1250ms
2025-10-26 02:45:31.240 - Inicio Ciclo 26 @ Tiempo Simulado 1300ms
2025-10-26 02:45:31.240 - Proceso 8 (deseo) cambió estado: EJECUCION -> TERMINADO
2025-10-26 02:45:31.240 - PROCESO TERMINADO: ID=8, Nombre=deseo, Tiempo Retorno=26171ms
2025-10-26 02:45:31.291 - Inicio Ciclo 27 @ Tiempo Simulado 1350ms
2025-10-26 02:45:31.291 - CPU Idle. Intentando planificar...
2025-10-26 02:45:31.291 - CONTEXT SWITCH: Proceso 9 (estirarse) seleccionado para ejecución.
2025-10-26 02:45:31.291 - Proceso 9 (estirarse) cambió estado: LISTO -> EJECUCION
2025-10-26 02:45:31.343 - Inicio Ciclo 28 @ Tiempo Simulado 1400ms
2025-10-26 02:45:31.395 - Inicio Ciclo 29 @ Tiempo Simulado 1450ms
2025-10-26 02:45:31.447 - Inicio Ciclo 30 @ Tiempo Simulado 1500ms
2025-10-26 02:45:31.497 - Inicio Ciclo 31 @ Tiempo Simulado 1550ms
2025-10-26 02:45:31.497 - Proceso 9 (estirarse) cambió estado: EJECUCION -> TERMINADO
2025-10-26 02:45:31.497 - PROCESO TERMINADO: ID=9, Nombre=estirarse, Tiempo Retorno=19351ms
2025-10-26 02:45:31.548 - Inicio Ciclo 32 @ Tiempo Simulado 1600ms
2025-10-26 02:45:31.548 - CPU Idle. Intentando planificar...
2025-10-26 02:45:31.548 - CONTEXT SWITCH: Proceso 10 (nuevodia) seleccionado para ejecución.
2025-10-26 02:45:31.548 - Proceso 10 (nuevodia) cambió estado: LISTO -> EJECUCION
2025-10-26 02:45:31.554 - Proceso 10 (nuevodia) cambió estado: EJECUCION -> BLOQUEADO
2025-10-26 02:45:31.599 - Inicio Ciclo 33 @ Tiempo Simulado 1650ms
2025-10-26 02:45:31.599 - E/S Requerida: Proceso 10 (nuevodia)
2025-10-26 02:45:31.603 -    -> Proceso 10 pasa a BLOQUEADO.
2025-10-26 02:45:31.650 - Inicio Ciclo 34 @ Tiempo Simulado 1700ms
2025-10-26 02:45:31.650 - CPU Idle. Intentando planificar...
2025-10-26 02:45:31.702 - Inicio Ciclo 35 @ Tiempo Simulado 1750ms
2025-10-26 02:45:31.702 - CPU Idle. Intentando planificar...
2025-10-26 02:45:31.753 - Inicio Ciclo 36 @ Tiempo Simulado 1800ms
2025-10-26 02:45:31.753 - CPU Idle. Intentando planificar...
2025-10-26 02:45:31.804 - Inicio Ciclo 37 @ Tiempo Simulado 1850ms
2025-10-26 02:45:31.804 - CPU Idle. Intentando planificar...
2025-10-26 02:45:31.855 - Inicio Ciclo 38 @ Tiempo Simulado 1900ms
2025-10-26 02:45:31.855 - CPU Idle. Intentando planificar...
2025-10-26 02:45:31.906 - Inicio Ciclo 39 @ Tiempo Simulado 1950ms
2025-10-26 02:45:31.906 - CPU Idle. Intentando planificar...
2025-10-26 02:45:31.957 - Inicio Ciclo 40 @ Tiempo Simulado 2000ms
2025-10-26 02:45:31.957 - CPU Idle. Intentando planificar...
2025-10-26 02:45:32.008 - Inicio Ciclo 41 @ Tiempo Simulado 2050ms
2025-10-26 02:45:32.008 - CPU Idle. Intentando planificar...
2025-10-26 02:45:32.060 - Inicio Ciclo 42 @ Tiempo Simulado 2100ms
2025-10-26 02:45:32.060 - CPU Idle. Intentando planificar...
2025-10-26 02:45:32.112 - Inicio Ciclo 43 @ Tiempo Simulado 2150ms
2025-10-26 02:45:32.112 - CPU Idle. Intentando planificar...
2025-10-26 02:45:32.117 - Proceso 10 (nuevodia) cambió estado: BLOQUEADO -> LISTO
2025-10-26 02:45:32.162 - Inicio Ciclo 44 @ Tiempo Simulado 2200ms
2025-10-26 02:45:32.162 - Hilo E/S para Proceso 10 terminado. Proceso debería estar en LISTO.
2025-10-26 02:45:32.163 - WARN: Hilo E/S para ID 10 terminado, pero el proceso estaba en estado LISTO
2025-10-26 02:45:32.163 - CPU Idle. Intentando planificar...
2025-10-26 02:45:32.163 - CONTEXT SWITCH: Proceso 10 (nuevodia) seleccionado para ejecución.
2025-10-26 02:45:32.163 - Proceso 10 (nuevodia) cambió estado: LISTO -> EJECUCION
2025-10-26 02:45:32.171 - Proceso 10 (nuevodia) cambió estado: EJECUCION -> BLOQUEADO
2025-10-26 02:45:32.213 - Inicio Ciclo 45 @ Tiempo Simulado 2250ms
2025-10-26 02:45:32.213 - E/S Requerida: Proceso 10 (nuevodia)
2025-10-26 02:45:32.213 -    -> Proceso 10 pasa a BLOQUEADO.
2025-10-26 02:45:32.263 - Inicio Ciclo 46 @ Tiempo Simulado 2300ms
2025-10-26 02:45:32.263 - CPU Idle. Intentando planificar...
2025-10-26 02:45:32.313 - Inicio Ciclo 47 @ Tiempo Simulado 2350ms
2025-10-26 02:45:32.313 - CPU Idle. Intentando planificar...
2025-10-26 02:45:32.364 - Inicio Ciclo 48 @ Tiempo Simulado 2400ms
2025-10-26 02:45:32.364 - CPU Idle. Intentando planificar...
2025-10-26 02:45:32.414 - Inicio Ciclo 49 @ Tiempo Simulado 2450ms
2025-10-26 02:45:32.414 - CPU Idle. Intentando planificar...
2025-10-26 02:45:32.466 - Inicio Ciclo 50 @ Tiempo Simulado 2500ms
2025-10-26 02:45:32.466 - CPU Idle. Intentando planificar...
2025-10-26 02:45:32.516 - Inicio Ciclo 51 @ Tiempo Simulado 2550ms
2025-10-26 02:45:32.516 - CPU Idle. Intentando planificar...
2025-10-26 02:45:32.569 - Inicio Ciclo 52 @ Tiempo Simulado 2600ms
2025-10-26 02:45:32.569 - CPU Idle. Intentando planificar...
2025-10-26 02:45:32.620 - Inicio Ciclo 53 @ Tiempo Simulado 2650ms
2025-10-26 02:45:32.620 - CPU Idle. Intentando planificar...
2025-10-26 02:45:32.671 - Inicio Ciclo 54 @ Tiempo Simulado 2700ms
2025-10-26 02:45:32.671 - CPU Idle. Intentando planificar...
2025-10-26 02:45:32.722 - Inicio Ciclo 55 @ Tiempo Simulado 2750ms
2025-10-26 02:45:32.722 - CPU Idle. Intentando planificar...
2025-10-26 02:45:32.727 - Proceso 10 (nuevodia) cambió estado: BLOQUEADO -> LISTO
2025-10-26 02:45:32.773 - Inicio Ciclo 56 @ Tiempo Simulado 2800ms
2025-10-26 02:45:32.773 - Hilo E/S para Proceso 10 terminado. Proceso debería estar en LISTO.
2025-10-26 02:45:32.773 - WARN: Hilo E/S para ID 10 terminado, pero el proceso estaba en estado LISTO
2025-10-26 02:45:32.773 - CPU Idle. Intentando planificar...
2025-10-26 02:45:32.773 - CONTEXT SWITCH: Proceso 10 (nuevodia) seleccionado para ejecución.
2025-10-26 02:45:32.773 - Proceso 10 (nuevodia) cambió estado: LISTO -> EJECUCION
2025-10-26 02:45:32.783 - Proceso 10 (nuevodia) cambió estado: EJECUCION -> BLOQUEADO
2025-10-26 02:45:32.826 - Inicio Ciclo 57 @ Tiempo Simulado 2850ms
2025-10-26 02:45:32.826 - E/S Requerida: Proceso 10 (nuevodia)
2025-10-26 02:45:32.826 -    -> Proceso 10 pasa a BLOQUEADO.
2025-10-26 02:45:32.877 - Inicio Ciclo 58 @ Tiempo Simulado 2900ms
2025-10-26 02:45:32.877 - CPU Idle. Intentando planificar...
2025-10-26 02:45:32.932 - Inicio Ciclo 59 @ Tiempo Simulado 2950ms
2025-10-26 02:45:32.932 - CPU Idle. Intentando planificar...
2025-10-26 02:45:32.983 - Inicio Ciclo 60 @ Tiempo Simulado 3000ms
2025-10-26 02:45:32.983 - CPU Idle. Intentando planificar...
2025-10-26 02:45:33.036 - Inicio Ciclo 61 @ Tiempo Simulado 3050ms
2025-10-26 02:45:33.036 - CPU Idle. Intentando planificar...
2025-10-26 02:45:33.087 - Inicio Ciclo 62 @ Tiempo Simulado 3100ms
2025-10-26 02:45:33.087 - CPU Idle. Intentando planificar...
2025-10-26 02:45:33.138 - Inicio Ciclo 63 @ Tiempo Simulado 3150ms
2025-10-26 02:45:33.138 - CPU Idle. Intentando planificar...
2025-10-26 02:45:33.189 - Inicio Ciclo 64 @ Tiempo Simulado 3200ms
2025-10-26 02:45:33.189 - CPU Idle. Intentando planificar...
2025-10-26 02:45:33.239 - Inicio Ciclo 65 @ Tiempo Simulado 3250ms
2025-10-26 02:45:33.239 - CPU Idle. Intentando planificar...
2025-10-26 02:45:33.290 - Inicio Ciclo 66 @ Tiempo Simulado 3300ms
2025-10-26 02:45:33.290 - CPU Idle. Intentando planificar...
2025-10-26 02:45:33.340 - Inicio Ciclo 67 @ Tiempo Simulado 3350ms
2025-10-26 02:45:33.340 - CPU Idle. Intentando planificar...
2025-10-26 02:45:33.347 - Proceso 10 (nuevodia) cambió estado: BLOQUEADO -> LISTO
2025-10-26 02:45:33.391 - Inicio Ciclo 68 @ Tiempo Simulado 3400ms
2025-10-26 02:45:33.391 - Hilo E/S para Proceso 10 terminado. Proceso debería estar en LISTO.
2025-10-26 02:45:33.391 - WARN: Hilo E/S para ID 10 terminado, pero el proceso estaba en estado LISTO
2025-10-26 02:45:33.391 - CPU Idle. Intentando planificar...
2025-10-26 02:45:33.391 - CONTEXT SWITCH: Proceso 10 (nuevodia) seleccionado para ejecución.
2025-10-26 02:45:33.391 - Proceso 10 (nuevodia) cambió estado: LISTO -> EJECUCION
2025-10-26 02:45:33.401 - Proceso 10 (nuevodia) cambió estado: EJECUCION -> BLOQUEADO
2025-10-26 02:45:33.442 - Inicio Ciclo 69 @ Tiempo Simulado 3450ms
2025-10-26 02:45:33.442 - E/S Requerida: Proceso 10 (nuevodia)
2025-10-26 02:45:33.442 -    -> Proceso 10 pasa a BLOQUEADO.
2025-10-26 02:45:33.493 - Inicio Ciclo 70 @ Tiempo Simulado 3500ms
2025-10-26 02:45:33.493 - CPU Idle. Intentando planificar...
2025-10-26 02:45:33.544 - Inicio Ciclo 71 @ Tiempo Simulado 3550ms
2025-10-26 02:45:33.544 - CPU Idle. Intentando planificar...
2025-10-26 02:45:33.596 - Inicio Ciclo 72 @ Tiempo Simulado 3600ms
2025-10-26 02:45:33.596 - CPU Idle. Intentando planificar...
2025-10-26 02:45:33.647 - Inicio Ciclo 73 @ Tiempo Simulado 3650ms
2025-10-26 02:45:33.647 - CPU Idle. Intentando planificar...
2025-10-26 02:45:33.698 - Inicio Ciclo 74 @ Tiempo Simulado 3700ms
2025-10-26 02:45:33.698 - CPU Idle. Intentando planificar...
2025-10-26 02:45:33.749 - Inicio Ciclo 75 @ Tiempo Simulado 3750ms
2025-10-26 02:45:33.749 - CPU Idle. Intentando planificar...
2025-10-26 02:45:33.800 - Inicio Ciclo 76 @ Tiempo Simulado 3800ms
2025-10-26 02:45:33.800 - CPU Idle. Intentando planificar...
2025-10-26 02:45:33.851 - Inicio Ciclo 77 @ Tiempo Simulado 3850ms
2025-10-26 02:45:33.851 - CPU Idle. Intentando planificar...
2025-10-26 02:45:33.901 - Inicio Ciclo 78 @ Tiempo Simulado 3900ms
2025-10-26 02:45:33.901 - CPU Idle. Intentando planificar...
2025-10-26 02:45:33.951 - Inicio Ciclo 79 @ Tiempo Simulado 3950ms
2025-10-26 02:45:33.951 - CPU Idle. Intentando planificar...
2025-10-26 02:45:33.961 - Proceso 10 (nuevodia) cambió estado: BLOQUEADO -> LISTO
2025-10-26 02:45:34.002 - Inicio Ciclo 80 @ Tiempo Simulado 4000ms
2025-10-26 02:45:34.002 - Hilo E/S para Proceso 10 terminado. Proceso debería estar en LISTO.
2025-10-26 02:45:34.002 - WARN: Hilo E/S para ID 10 terminado, pero el proceso estaba en estado LISTO
2025-10-26 02:45:34.002 - CPU Idle. Intentando planificar...
2025-10-26 02:45:34.002 - CONTEXT SWITCH: Proceso 10 (nuevodia) seleccionado para ejecución.
2025-10-26 02:45:34.002 - Proceso 10 (nuevodia) cambió estado: LISTO -> EJECUCION
2025-10-26 02:45:34.011 - Proceso 10 (nuevodia) cambió estado: EJECUCION -> BLOQUEADO
2025-10-26 02:45:34.052 - Inicio Ciclo 81 @ Tiempo Simulado 4050ms
2025-10-26 02:45:34.052 - E/S Requerida: Proceso 10 (nuevodia)
2025-10-26 02:45:34.052 -    -> Proceso 10 pasa a BLOQUEADO.
2025-10-26 02:45:34.104 - Inicio Ciclo 82 @ Tiempo Simulado 4100ms
2025-10-26 02:45:34.104 - CPU Idle. Intentando planificar...
2025-10-26 02:45:34.156 - Inicio Ciclo 83 @ Tiempo Simulado 4150ms
2025-10-26 02:45:34.156 - CPU Idle. Intentando planificar...
2025-10-26 02:45:34.208 - Inicio Ciclo 84 @ Tiempo Simulado 4200ms
2025-10-26 02:45:34.208 - CPU Idle. Intentando planificar...
2025-10-26 02:45:34.262 - Inicio Ciclo 85 @ Tiempo Simulado 4250ms
2025-10-26 02:45:34.262 - CPU Idle. Intentando planificar...
2025-10-26 02:45:34.315 - Inicio Ciclo 86 @ Tiempo Simulado 4300ms
2025-10-26 02:45:34.315 - CPU Idle. Intentando planificar...
2025-10-26 02:45:34.366 - Inicio Ciclo 87 @ Tiempo Simulado 4350ms
2025-10-26 02:45:34.366 - CPU Idle. Intentando planificar...
2025-10-26 02:45:34.418 - Inicio Ciclo 88 @ Tiempo Simulado 4400ms
2025-10-26 02:45:34.418 - CPU Idle. Intentando planificar...
2025-10-26 02:45:34.469 - Inicio Ciclo 89 @ Tiempo Simulado 4450ms
2025-10-26 02:45:34.469 - CPU Idle. Intentando planificar...
2025-10-26 02:45:34.519 - Inicio Ciclo 90 @ Tiempo Simulado 4500ms
2025-10-26 02:45:34.519 - CPU Idle. Intentando planificar...
2025-10-26 02:45:34.571 - Inicio Ciclo 91 @ Tiempo Simulado 4550ms
2025-10-26 02:45:34.571 - CPU Idle. Intentando planificar...
2025-10-26 02:45:34.584 - Proceso 10 (nuevodia) cambió estado: BLOQUEADO -> LISTO
2025-10-26 02:45:34.623 - Inicio Ciclo 92 @ Tiempo Simulado 4600ms
2025-10-26 02:45:34.623 - Hilo E/S para Proceso 10 terminado. Proceso debería estar en LISTO.
2025-10-26 02:45:34.623 - WARN: Hilo E/S para ID 10 terminado, pero el proceso estaba en estado LISTO
2025-10-26 02:45:34.623 - CPU Idle. Intentando planificar...
2025-10-26 02:45:34.623 - CONTEXT SWITCH: Proceso 10 (nuevodia) seleccionado para ejecución.
2025-10-26 02:45:34.623 - Proceso 10 (nuevodia) cambió estado: LISTO -> EJECUCION
2025-10-26 02:45:34.632 - Proceso 10 (nuevodia) cambió estado: EJECUCION -> BLOQUEADO
2025-10-26 02:45:34.673 - Inicio Ciclo 93 @ Tiempo Simulado 4650ms
2025-10-26 02:45:34.673 - E/S Requerida: Proceso 10 (nuevodia)
2025-10-26 02:45:34.674 -    -> Proceso 10 pasa a BLOQUEADO.
2025-10-26 02:45:34.725 - Inicio Ciclo 94 @ Tiempo Simulado 4700ms
2025-10-26 02:45:34.725 - CPU Idle. Intentando planificar...
2025-10-26 02:45:34.775 - Inicio Ciclo 95 @ Tiempo Simulado 4750ms
2025-10-26 02:45:34.775 - CPU Idle. Intentando planificar...
2025-10-26 02:45:34.826 - Inicio Ciclo 96 @ Tiempo Simulado 4800ms
2025-10-26 02:45:34.826 - CPU Idle. Intentando planificar...
2025-10-26 02:45:34.877 - Inicio Ciclo 97 @ Tiempo Simulado 4850ms
2025-10-26 02:45:34.877 - CPU Idle. Intentando planificar...
2025-10-26 02:45:34.927 - Inicio Ciclo 98 @ Tiempo Simulado 4900ms
2025-10-26 02:45:34.928 - CPU Idle. Intentando planificar...
2025-10-26 02:45:34.979 - Inicio Ciclo 99 @ Tiempo Simulado 4950ms
2025-10-26 02:45:34.979 - CPU Idle. Intentando planificar...
2025-10-26 02:45:35.030 - Inicio Ciclo 100 @ Tiempo Simulado 5000ms
2025-10-26 02:45:35.030 - CPU Idle. Intentando planificar...
2025-10-26 02:45:35.082 - Inicio Ciclo 101 @ Tiempo Simulado 5050ms
2025-10-26 02:45:35.082 - CPU Idle. Intentando planificar...
2025-10-26 02:45:35.133 - Inicio Ciclo 102 @ Tiempo Simulado 5100ms
2025-10-26 02:45:35.133 - CPU Idle. Intentando planificar...
2025-10-26 02:45:35.184 - Inicio Ciclo 103 @ Tiempo Simulado 5150ms
2025-10-26 02:45:35.184 - CPU Idle. Intentando planificar...
2025-10-26 02:45:35.203 - Proceso 10 (nuevodia) cambió estado: BLOQUEADO -> LISTO
2025-10-26 02:45:35.236 - Inicio Ciclo 104 @ Tiempo Simulado 5200ms
2025-10-26 02:45:35.236 - Hilo E/S para Proceso 10 terminado. Proceso debería estar en LISTO.
2025-10-26 02:45:35.236 - WARN: Hilo E/S para ID 10 terminado, pero el proceso estaba en estado LISTO
2025-10-26 02:45:35.236 - CPU Idle. Intentando planificar...
2025-10-26 02:45:35.236 - CONTEXT SWITCH: Proceso 10 (nuevodia) seleccionado para ejecución.
2025-10-26 02:45:35.236 - Proceso 10 (nuevodia) cambió estado: LISTO -> EJECUCION
2025-10-26 02:45:35.245 - Proceso 10 (nuevodia) cambió estado: EJECUCION -> BLOQUEADO
2025-10-26 02:45:35.288 - Inicio Ciclo 105 @ Tiempo Simulado 5250ms
2025-10-26 02:45:35.288 - E/S Requerida: Proceso 10 (nuevodia)
2025-10-26 02:45:35.288 -    -> Proceso 10 pasa a BLOQUEADO.
2025-10-26 02:45:35.338 - Inicio Ciclo 106 @ Tiempo Simulado 5300ms
2025-10-26 02:45:35.338 - CPU Idle. Intentando planificar...
2025-10-26 02:45:35.389 - Inicio Ciclo 107 @ Tiempo Simulado 5350ms
2025-10-26 02:45:35.389 - CPU Idle. Intentando planificar...
2025-10-26 02:45:35.441 - Inicio Ciclo 108 @ Tiempo Simulado 5400ms
2025-10-26 02:45:35.441 - CPU Idle. Intentando planificar...
2025-10-26 02:45:35.492 - Inicio Ciclo 109 @ Tiempo Simulado 5450ms
2025-10-26 02:45:35.492 - CPU Idle. Intentando planificar...
2025-10-26 02:45:35.544 - Inicio Ciclo 110 @ Tiempo Simulado 5500ms
2025-10-26 02:45:35.544 - CPU Idle. Intentando planificar...
2025-10-26 02:45:35.596 - Inicio Ciclo 111 @ Tiempo Simulado 5550ms
2025-10-26 02:45:35.596 - CPU Idle. Intentando planificar...
2025-10-26 02:45:35.647 - Inicio Ciclo 112 @ Tiempo Simulado 5600ms
2025-10-26 02:45:35.647 - CPU Idle. Intentando planificar...
2025-10-26 02:45:35.697 - Inicio Ciclo 113 @ Tiempo Simulado 5650ms
2025-10-26 02:45:35.697 - CPU Idle. Intentando planificar...
2025-10-26 02:45:35.748 - Inicio Ciclo 114 @ Tiempo Simulado 5700ms
2025-10-26 02:45:35.748 - CPU Idle. Intentando planificar...
2025-10-26 02:45:35.800 - Inicio Ciclo 115 @ Tiempo Simulado 5750ms
2025-10-26 02:45:35.800 - CPU Idle. Intentando planificar...
2025-10-26 02:45:35.807 - Proceso 10 (nuevodia) cambió estado: BLOQUEADO -> LISTO
2025-10-26 02:45:35.851 - Inicio Ciclo 116 @ Tiempo Simulado 5800ms
2025-10-26 02:45:35.851 - Hilo E/S para Proceso 10 terminado. Proceso debería estar en LISTO.
2025-10-26 02:45:35.851 - WARN: Hilo E/S para ID 10 terminado, pero el proceso estaba en estado LISTO
2025-10-26 02:45:35.851 - CPU Idle. Intentando planificar...
2025-10-26 02:45:35.851 - CONTEXT SWITCH: Proceso 10 (nuevodia) seleccionado para ejecución.
2025-10-26 02:45:35.851 - Proceso 10 (nuevodia) cambió estado: LISTO -> EJECUCION
2025-10-26 02:45:35.863 - Proceso 10 (nuevodia) cambió estado: EJECUCION -> BLOQUEADO
2025-10-26 02:45:35.902 - Inicio Ciclo 117 @ Tiempo Simulado 5850ms
2025-10-26 02:45:35.902 - E/S Requerida: Proceso 10 (nuevodia)
2025-10-26 02:45:35.902 -    -> Proceso 10 pasa a BLOQUEADO.
2025-10-26 02:45:35.954 - Inicio Ciclo 118 @ Tiempo Simulado 5900ms
2025-10-26 02:45:35.954 - CPU Idle. Intentando planificar...
2025-10-26 02:45:36.006 - Inicio Ciclo 119 @ Tiempo Simulado 5950ms
2025-10-26 02:45:36.006 - CPU Idle. Intentando planificar...
2025-10-26 02:45:36.057 - Inicio Ciclo 120 @ Tiempo Simulado 6000ms
2025-10-26 02:45:36.057 - CPU Idle. Intentando planificar...
2025-10-26 02:45:36.108 - Inicio Ciclo 121 @ Tiempo Simulado 6050ms
2025-10-26 02:45:36.108 - CPU Idle. Intentando planificar...
2025-10-26 02:45:36.159 - Inicio Ciclo 122 @ Tiempo Simulado 6100ms
2025-10-26 02:45:36.159 - CPU Idle. Intentando planificar...
2025-10-26 02:45:36.210 - Inicio Ciclo 123 @ Tiempo Simulado 6150ms
2025-10-26 02:45:36.210 - CPU Idle. Intentando planificar...
2025-10-26 02:45:36.261 - Inicio Ciclo 124 @ Tiempo Simulado 6200ms
2025-10-26 02:45:36.261 - CPU Idle. Intentando planificar...
2025-10-26 02:45:36.312 - Inicio Ciclo 125 @ Tiempo Simulado 6250ms
2025-10-26 02:45:36.312 - CPU Idle. Intentando planificar...
2025-10-26 02:45:36.363 - Inicio Ciclo 126 @ Tiempo Simulado 6300ms
2025-10-26 02:45:36.363 - CPU Idle. Intentando planificar...
2025-10-26 02:45:36.413 - Inicio Ciclo 127 @ Tiempo Simulado 6350ms
2025-10-26 02:45:36.413 - CPU Idle. Intentando planificar...
2025-10-26 02:45:36.415 - Proceso 10 (nuevodia) cambió estado: BLOQUEADO -> LISTO
2025-10-26 02:45:36.465 - Inicio Ciclo 128 @ Tiempo Simulado 6400ms
2025-10-26 02:45:36.465 - Hilo E/S para Proceso 10 terminado. Proceso debería estar en LISTO.
2025-10-26 02:45:36.465 - WARN: Hilo E/S para ID 10 terminado, pero el proceso estaba en estado LISTO
2025-10-26 02:45:36.466 - CPU Idle. Intentando planificar...
2025-10-26 02:45:36.466 - CONTEXT SWITCH: Proceso 10 (nuevodia) seleccionado para ejecución.
2025-10-26 02:45:36.466 - Proceso 10 (nuevodia) cambió estado: LISTO -> EJECUCION
2025-10-26 02:45:36.476 - Proceso 10 (nuevodia) cambió estado: EJECUCION -> BLOQUEADO
2025-10-26 02:45:36.516 - Inicio Ciclo 129 @ Tiempo Simulado 6450ms
2025-10-26 02:45:36.516 - E/S Requerida: Proceso 10 (nuevodia)
2025-10-26 02:45:36.516 -    -> Proceso 10 pasa a BLOQUEADO.
2025-10-26 02:45:36.566 - Inicio Ciclo 130 @ Tiempo Simulado 6500ms
2025-10-26 02:45:36.566 - CPU Idle. Intentando planificar...
2025-10-26 02:45:36.618 - Inicio Ciclo 131 @ Tiempo Simulado 6550ms
2025-10-26 02:45:36.618 - CPU Idle. Intentando planificar...
2025-10-26 02:45:36.669 - Inicio Ciclo 132 @ Tiempo Simulado 6600ms
2025-10-26 02:45:36.669 - CPU Idle. Intentando planificar...
2025-10-26 02:45:36.720 - Inicio Ciclo 133 @ Tiempo Simulado 6650ms
2025-10-26 02:45:36.720 - CPU Idle. Intentando planificar...
2025-10-26 02:45:36.772 - Inicio Ciclo 134 @ Tiempo Simulado 6700ms
2025-10-26 02:45:36.772 - CPU Idle. Intentando planificar...
2025-10-26 02:45:36.822 - Inicio Ciclo 135 @ Tiempo Simulado 6750ms
2025-10-26 02:45:36.822 - CPU Idle. Intentando planificar...
2025-10-26 02:45:36.873 - Inicio Ciclo 136 @ Tiempo Simulado 6800ms
2025-10-26 02:45:36.873 - CPU Idle. Intentando planificar...
2025-10-26 02:45:36.924 - Inicio Ciclo 137 @ Tiempo Simulado 6850ms
2025-10-26 02:45:36.924 - CPU Idle. Intentando planificar...
2025-10-26 02:45:36.975 - Inicio Ciclo 138 @ Tiempo Simulado 6900ms
2025-10-26 02:45:36.975 - CPU Idle. Intentando planificar...
2025-10-26 02:45:37.027 - Inicio Ciclo 139 @ Tiempo Simulado 6950ms
2025-10-26 02:45:37.027 - CPU Idle. Intentando planificar...
2025-10-26 02:45:37.044 - Proceso 10 (nuevodia) cambió estado: BLOQUEADO -> LISTO
2025-10-26 02:45:37.079 - Inicio Ciclo 140 @ Tiempo Simulado 7000ms
2025-10-26 02:45:37.079 - Hilo E/S para Proceso 10 terminado. Proceso debería estar en LISTO.
2025-10-26 02:45:37.079 - WARN: Hilo E/S para ID 10 terminado, pero el proceso estaba en estado LISTO
2025-10-26 02:45:37.079 - CPU Idle. Intentando planificar...
2025-10-26 02:45:37.079 - CONTEXT SWITCH: Proceso 10 (nuevodia) seleccionado para ejecución.
2025-10-26 02:45:37.079 - Proceso 10 (nuevodia) cambió estado: LISTO -> EJECUCION
2025-10-26 02:45:37.088 - Proceso 10 (nuevodia) cambió estado: EJECUCION -> BLOQUEADO
2025-10-26 02:45:37.130 - Inicio Ciclo 141 @ Tiempo Simulado 7050ms
2025-10-26 02:45:37.130 - E/S Requerida: Proceso 10 (nuevodia)
2025-10-26 02:45:37.130 -    -> Proceso 10 pasa a BLOQUEADO.
2025-10-26 02:45:37.180 - Inicio Ciclo 142 @ Tiempo Simulado 7100ms
2025-10-26 02:45:37.180 - CPU Idle. Intentando planificar...
2025-10-26 02:45:37.232 - Inicio Ciclo 143 @ Tiempo Simulado 7150ms
2025-10-26 02:45:37.232 - CPU Idle. Intentando planificar...
2025-10-26 02:45:37.289 - Inicio Ciclo 144 @ Tiempo Simulado 7200ms
2025-10-26 02:45:37.289 - CPU Idle. Intentando planificar...
2025-10-26 02:45:37.341 - Inicio Ciclo 145 @ Tiempo Simulado 7250ms
2025-10-26 02:45:37.341 - CPU Idle. Intentando planificar...
2025-10-26 02:45:37.393 - Inicio Ciclo 146 @ Tiempo Simulado 7300ms
2025-10-26 02:45:37.393 - CPU Idle. Intentando planificar...
2025-10-26 02:45:37.444 - Inicio Ciclo 147 @ Tiempo Simulado 7350ms
2025-10-26 02:45:37.444 - CPU Idle. Intentando planificar...
2025-10-26 02:45:37.496 - Inicio Ciclo 148 @ Tiempo Simulado 7400ms
2025-10-26 02:45:37.496 - CPU Idle. Intentando planificar...
2025-10-26 02:45:37.547 - Inicio Ciclo 149 @ Tiempo Simulado 7450ms
2025-10-26 02:45:37.547 - CPU Idle. Intentando planificar...
2025-10-26 02:45:37.599 - Inicio Ciclo 150 @ Tiempo Simulado 7500ms
2025-10-26 02:45:37.599 - CPU Idle. Intentando planificar...
2025-10-26 02:45:37.651 - Inicio Ciclo 151 @ Tiempo Simulado 7550ms
2025-10-26 02:45:37.651 - CPU Idle. Intentando planificar...
2025-10-26 02:45:37.661 - Proceso 10 (nuevodia) cambió estado: BLOQUEADO -> LISTO
2025-10-26 02:45:37.703 - Inicio Ciclo 152 @ Tiempo Simulado 7600ms
2025-10-26 02:45:37.703 - Hilo E/S para Proceso 10 terminado. Proceso debería estar en LISTO.
2025-10-26 02:45:37.703 - WARN: Hilo E/S para ID 10 terminado, pero el proceso estaba en estado LISTO
2025-10-26 02:45:37.703 - CPU Idle. Intentando planificar...
2025-10-26 02:45:37.703 - CONTEXT SWITCH: Proceso 10 (nuevodia) seleccionado para ejecución.
2025-10-26 02:45:37.703 - Proceso 10 (nuevodia) cambió estado: LISTO -> EJECUCION
2025-10-26 02:45:37.712 - Proceso 10 (nuevodia) cambió estado: EJECUCION -> BLOQUEADO
2025-10-26 02:45:37.755 - Inicio Ciclo 153 @ Tiempo Simulado 7650ms
2025-10-26 02:45:37.755 - E/S Requerida: Proceso 10 (nuevodia)
2025-10-26 02:45:37.755 -    -> Proceso 10 pasa a BLOQUEADO.
2025-10-26 02:45:37.806 - Inicio Ciclo 154 @ Tiempo Simulado 7700ms
2025-10-26 02:45:37.806 - CPU Idle. Intentando planificar...
2025-10-26 02:45:37.857 - Inicio Ciclo 155 @ Tiempo Simulado 7750ms
2025-10-26 02:45:37.857 - CPU Idle. Intentando planificar...
2025-10-26 02:45:37.909 - Inicio Ciclo 156 @ Tiempo Simulado 7800ms
2025-10-26 02:45:37.909 - CPU Idle. Intentando planificar...
2025-10-26 02:45:37.960 - Inicio Ciclo 157 @ Tiempo Simulado 7850ms
2025-10-26 02:45:37.960 - CPU Idle. Intentando planificar...
2025-10-26 02:45:38.012 - Inicio Ciclo 158 @ Tiempo Simulado 7900ms
2025-10-26 02:45:38.012 - CPU Idle. Intentando planificar...
2025-10-26 02:45:38.063 - Inicio Ciclo 159 @ Tiempo Simulado 7950ms
2025-10-26 02:45:38.063 - CPU Idle. Intentando planificar...
2025-10-26 02:45:38.114 - Inicio Ciclo 160 @ Tiempo Simulado 8000ms
2025-10-26 02:45:38.114 - CPU Idle. Intentando planificar...
2025-10-26 02:45:38.165 - Inicio Ciclo 161 @ Tiempo Simulado 8050ms
2025-10-26 02:45:38.165 - CPU Idle. Intentando planificar...
2025-10-26 02:45:38.217 - Inicio Ciclo 162 @ Tiempo Simulado 8100ms
2025-10-26 02:45:38.217 - CPU Idle. Intentando planificar...
2025-10-26 02:45:38.268 - Inicio Ciclo 163 @ Tiempo Simulado 8150ms
2025-10-26 02:45:38.268 - CPU Idle. Intentando planificar...
2025-10-26 02:45:38.275 - Proceso 10 (nuevodia) cambió estado: BLOQUEADO -> LISTO
2025-10-26 02:45:38.319 - Inicio Ciclo 164 @ Tiempo Simulado 8200ms
2025-10-26 02:45:38.319 - Hilo E/S para Proceso 10 terminado. Proceso debería estar en LISTO.
2025-10-26 02:45:38.319 - WARN: Hilo E/S para ID 10 terminado, pero el proceso estaba en estado LISTO
2025-10-26 02:45:38.319 - CPU Idle. Intentando planificar...
2025-10-26 02:45:38.319 - CONTEXT SWITCH: Proceso 10 (nuevodia) seleccionado para ejecución.
2025-10-26 02:45:38.319 - Proceso 10 (nuevodia) cambió estado: LISTO -> EJECUCION
2025-10-26 02:45:38.327 - Proceso 10 (nuevodia) cambió estado: EJECUCION -> BLOQUEADO
2025-10-26 02:45:38.369 - Inicio Ciclo 165 @ Tiempo Simulado 8250ms
2025-10-26 02:45:38.369 - E/S Requerida: Proceso 10 (nuevodia)
2025-10-26 02:45:38.369 -    -> Proceso 10 pasa a BLOQUEADO.
2025-10-26 02:45:38.419 - Inicio Ciclo 166 @ Tiempo Simulado 8300ms
2025-10-26 02:45:38.419 - CPU Idle. Intentando planificar...
2025-10-26 02:45:38.471 - Inicio Ciclo 167 @ Tiempo Simulado 8350ms
2025-10-26 02:45:38.471 - CPU Idle. Intentando planificar...
2025-10-26 02:45:38.523 - Inicio Ciclo 168 @ Tiempo Simulado 8400ms
2025-10-26 02:45:38.523 - CPU Idle. Intentando planificar...
2025-10-26 02:45:38.575 - Inicio Ciclo 169 @ Tiempo Simulado 8450ms
2025-10-26 02:45:38.575 - CPU Idle. Intentando planificar...
2025-10-26 02:45:38.627 - Inicio Ciclo 170 @ Tiempo Simulado 8500ms
2025-10-26 02:45:38.627 - CPU Idle. Intentando planificar...
2025-10-26 02:45:38.679 - Inicio Ciclo 171 @ Tiempo Simulado 8550ms
2025-10-26 02:45:38.679 - CPU Idle. Intentando planificar...
2025-10-26 02:45:38.730 - Inicio Ciclo 172 @ Tiempo Simulado 8600ms
2025-10-26 02:45:38.730 - CPU Idle. Intentando planificar...
2025-10-26 02:45:38.782 - Inicio Ciclo 173 @ Tiempo Simulado 8650ms
2025-10-26 02:45:38.782 - CPU Idle. Intentando planificar...
2025-10-26 02:45:38.832 - Inicio Ciclo 174 @ Tiempo Simulado 8700ms
2025-10-26 02:45:38.832 - CPU Idle. Intentando planificar...
2025-10-26 02:45:38.883 - Inicio Ciclo 175 @ Tiempo Simulado 8750ms
2025-10-26 02:45:38.883 - CPU Idle. Intentando planificar...
2025-10-26 02:45:38.893 - Proceso 10 (nuevodia) cambió estado: BLOQUEADO -> LISTO
2025-10-26 02:45:38.934 - Inicio Ciclo 176 @ Tiempo Simulado 8800ms
2025-10-26 02:45:38.934 - Hilo E/S para Proceso 10 terminado. Proceso debería estar en LISTO.
2025-10-26 02:45:38.934 - WARN: Hilo E/S para ID 10 terminado, pero el proceso estaba en estado LISTO
2025-10-26 02:45:38.934 - CPU Idle. Intentando planificar...
2025-10-26 02:45:38.934 - CONTEXT SWITCH: Proceso 10 (nuevodia) seleccionado para ejecución.
2025-10-26 02:45:38.934 - Proceso 10 (nuevodia) cambió estado: LISTO -> EJECUCION
2025-10-26 02:45:38.943 - Proceso 10 (nuevodia) cambió estado: EJECUCION -> BLOQUEADO
2025-10-26 02:45:38.985 - Inicio Ciclo 177 @ Tiempo Simulado 8850ms
2025-10-26 02:45:38.985 - E/S Requerida: Proceso 10 (nuevodia)
2025-10-26 02:45:38.985 -    -> Proceso 10 pasa a BLOQUEADO.
2025-10-26 02:45:39.036 - Inicio Ciclo 178 @ Tiempo Simulado 8900ms
2025-10-26 02:45:39.036 - CPU Idle. Intentando planificar...
2025-10-26 02:45:39.087 - Inicio Ciclo 179 @ Tiempo Simulado 8950ms
2025-10-26 02:45:39.087 - CPU Idle. Intentando planificar...
2025-10-26 02:45:39.138 - Inicio Ciclo 180 @ Tiempo Simulado 9000ms
2025-10-26 02:45:39.138 - CPU Idle. Intentando planificar...
2025-10-26 02:45:39.190 - Inicio Ciclo 181 @ Tiempo Simulado 9050ms
2025-10-26 02:45:39.190 - CPU Idle. Intentando planificar...
2025-10-26 02:45:39.241 - Inicio Ciclo 182 @ Tiempo Simulado 9100ms
2025-10-26 02:45:39.241 - CPU Idle. Intentando planificar...
2025-10-26 02:45:39.293 - Inicio Ciclo 183 @ Tiempo Simulado 9150ms
2025-10-26 02:45:39.294 - CPU Idle. Intentando planificar...
2025-10-26 02:45:39.344 - Inicio Ciclo 184 @ Tiempo Simulado 9200ms
2025-10-26 02:45:39.344 - CPU Idle. Intentando planificar...
2025-10-26 02:45:39.396 - Inicio Ciclo 185 @ Tiempo Simulado 9250ms
2025-10-26 02:45:39.396 - CPU Idle. Intentando planificar...
2025-10-26 02:45:39.448 - Inicio Ciclo 186 @ Tiempo Simulado 9300ms
2025-10-26 02:45:39.448 - CPU Idle. Intentando planificar...
2025-10-26 02:45:39.500 - Inicio Ciclo 187 @ Tiempo Simulado 9350ms
2025-10-26 02:45:39.500 - CPU Idle. Intentando planificar...
2025-10-26 02:45:39.508 - Proceso 10 (nuevodia) cambió estado: BLOQUEADO -> LISTO
2025-10-26 02:45:39.551 - Inicio Ciclo 188 @ Tiempo Simulado 9400ms
2025-10-26 02:45:39.551 - Hilo E/S para Proceso 10 terminado. Proceso debería estar en LISTO.
2025-10-26 02:45:39.551 - WARN: Hilo E/S para ID 10 terminado, pero el proceso estaba en estado LISTO
2025-10-26 02:45:39.551 - CPU Idle. Intentando planificar...
2025-10-26 02:45:39.551 - CONTEXT SWITCH: Proceso 10 (nuevodia) seleccionado para ejecución.
2025-10-26 02:45:39.551 - Proceso 10 (nuevodia) cambió estado: LISTO -> EJECUCION
2025-10-26 02:45:39.560 - Proceso 10 (nuevodia) cambió estado: EJECUCION -> BLOQUEADO
2025-10-26 02:45:39.602 - Inicio Ciclo 189 @ Tiempo Simulado 9450ms
2025-10-26 02:45:39.602 - E/S Requerida: Proceso 10 (nuevodia)
2025-10-26 02:45:39.602 -    -> Proceso 10 pasa a BLOQUEADO.
2025-10-26 02:45:39.653 - Inicio Ciclo 190 @ Tiempo Simulado 9500ms
2025-10-26 02:45:39.653 - CPU Idle. Intentando planificar...
2025-10-26 02:45:39.704 - Inicio Ciclo 191 @ Tiempo Simulado 9550ms
2025-10-26 02:45:39.704 - CPU Idle. Intentando planificar...
2025-10-26 02:45:39.755 - Inicio Ciclo 192 @ Tiempo Simulado 9600ms
2025-10-26 02:45:39.755 - CPU Idle. Intentando planificar...
2025-10-26 02:45:39.807 - Inicio Ciclo 193 @ Tiempo Simulado 9650ms
2025-10-26 02:45:39.807 - CPU Idle. Intentando planificar...
2025-10-26 02:45:39.858 - Inicio Ciclo 194 @ Tiempo Simulado 9700ms
2025-10-26 02:45:39.858 - CPU Idle. Intentando planificar...
2025-10-26 02:45:39.909 - Inicio Ciclo 195 @ Tiempo Simulado 9750ms
2025-10-26 02:45:39.909 - CPU Idle. Intentando planificar...
2025-10-26 02:45:39.961 - Inicio Ciclo 196 @ Tiempo Simulado 9800ms
2025-10-26 02:45:39.961 - CPU Idle. Intentando planificar...
2025-10-26 02:45:40.012 - Inicio Ciclo 197 @ Tiempo Simulado 9850ms
2025-10-26 02:45:40.012 - CPU Idle. Intentando planificar...
2025-10-26 02:45:40.063 - Inicio Ciclo 198 @ Tiempo Simulado 9900ms
2025-10-26 02:45:40.063 - CPU Idle. Intentando planificar...
2025-10-26 02:45:40.113 - Inicio Ciclo 199 @ Tiempo Simulado 9950ms
2025-10-26 02:45:40.113 - CPU Idle. Intentando planificar...
2025-10-26 02:45:40.115 - Proceso 10 (nuevodia) cambió estado: BLOQUEADO -> LISTO
2025-10-26 02:45:40.163 - Inicio Ciclo 200 @ Tiempo Simulado 10000ms
2025-10-26 02:45:40.163 - Hilo E/S para Proceso 10 terminado. Proceso debería estar en LISTO.
2025-10-26 02:45:40.163 - WARN: Hilo E/S para ID 10 terminado, pero el proceso estaba en estado LISTO
2025-10-26 02:45:40.163 - CPU Idle. Intentando planificar...
2025-10-26 02:45:40.163 - CONTEXT SWITCH: Proceso 10 (nuevodia) seleccionado para ejecución.
2025-10-26 02:45:40.163 - Proceso 10 (nuevodia) cambió estado: LISTO -> EJECUCION
2025-10-26 02:45:40.170 - Proceso 10 (nuevodia) cambió estado: EJECUCION -> BLOQUEADO
2025-10-26 02:45:40.214 - Inicio Ciclo 201 @ Tiempo Simulado 10050ms
2025-10-26 02:45:40.214 - E/S Requerida: Proceso 10 (nuevodia)
2025-10-26 02:45:40.214 -    -> Proceso 10 pasa a BLOQUEADO.
2025-10-26 02:45:40.266 - Inicio Ciclo 202 @ Tiempo Simulado 10100ms
2025-10-26 02:45:40.266 - CPU Idle. Intentando planificar...
2025-10-26 02:45:40.317 - Inicio Ciclo 203 @ Tiempo Simulado 10150ms
2025-10-26 02:45:40.317 - CPU Idle. Intentando planificar...
2025-10-26 02:45:40.367 - Inicio Ciclo 204 @ Tiempo Simulado 10200ms
2025-10-26 02:45:40.367 - CPU Idle. Intentando planificar...
2025-10-26 02:45:40.422 - Inicio Ciclo 205 @ Tiempo Simulado 10250ms
2025-10-26 02:45:40.422 - CPU Idle. Intentando planificar...
2025-10-26 02:45:40.473 - Inicio Ciclo 206 @ Tiempo Simulado 10300ms
2025-10-26 02:45:40.473 - CPU Idle. Intentando planificar...
2025-10-26 02:45:40.536 - Inicio Ciclo 207 @ Tiempo Simulado 10350ms
2025-10-26 02:45:40.536 - CPU Idle. Intentando planificar...
2025-10-26 02:45:40.588 - Inicio Ciclo 208 @ Tiempo Simulado 10400ms
2025-10-26 02:45:40.588 - CPU Idle. Intentando planificar...
2025-10-26 02:45:40.641 - Inicio Ciclo 209 @ Tiempo Simulado 10450ms
2025-10-26 02:45:40.641 - CPU Idle. Intentando planificar...
2025-10-26 02:45:40.692 - Inicio Ciclo 210 @ Tiempo Simulado 10500ms
2025-10-26 02:45:40.692 - CPU Idle. Intentando planificar...
2025-10-26 02:45:40.743 - Inicio Ciclo 211 @ Tiempo Simulado 10550ms
2025-10-26 02:45:40.743 - CPU Idle. Intentando planificar...
2025-10-26 02:45:40.757 - Proceso 10 (nuevodia) cambió estado: BLOQUEADO -> LISTO
2025-10-26 02:45:40.798 - Inicio Ciclo 212 @ Tiempo Simulado 10600ms
2025-10-26 02:45:40.809 - Hilo E/S para Proceso 10 terminado. Proceso debería estar en LISTO.
2025-10-26 02:45:40.812 - WARN: Hilo E/S para ID 10 terminado, pero el proceso estaba en estado LISTO
2025-10-26 02:45:40.812 - CPU Idle. Intentando planificar...
2025-10-26 02:45:40.812 - CONTEXT SWITCH: Proceso 10 (nuevodia) seleccionado para ejecución.
2025-10-26 02:45:40.813 - Proceso 10 (nuevodia) cambió estado: LISTO -> EJECUCION
2025-10-26 02:45:40.886 - Proceso 10 (nuevodia) cambió estado: EJECUCION -> BLOQUEADO
2025-10-26 02:45:40.892 - Inicio Ciclo 213 @ Tiempo Simulado 10650ms
2025-10-26 02:45:40.896 - E/S Requerida: Proceso 10 (nuevodia)
2025-10-26 02:45:40.912 -    -> Proceso 10 pasa a BLOQUEADO.
2025-10-26 02:45:40.954 - Inicio Ciclo 214 @ Tiempo Simulado 10700ms
2025-10-26 02:45:40.954 - CPU Idle. Intentando planificar...
2025-10-26 02:45:41.004 - Inicio Ciclo 215 @ Tiempo Simulado 10750ms
2025-10-26 02:45:41.006 - CPU Idle. Intentando planificar...
2025-10-26 02:45:41.055 - Inicio Ciclo 216 @ Tiempo Simulado 10800ms
2025-10-26 02:45:41.057 - CPU Idle. Intentando planificar...
2025-10-26 02:45:41.106 - Inicio Ciclo 217 @ Tiempo Simulado 10850ms
2025-10-26 02:45:41.106 - CPU Idle. Intentando planificar...
2025-10-26 02:45:41.158 - Inicio Ciclo 218 @ Tiempo Simulado 10900ms
2025-10-26 02:45:41.158 - CPU Idle. Intentando planificar...
2025-10-26 02:45:41.209 - Inicio Ciclo 219 @ Tiempo Simulado 10950ms
2025-10-26 02:45:41.209 - CPU Idle. Intentando planificar...
2025-10-26 02:45:41.261 - Inicio Ciclo 220 @ Tiempo Simulado 11000ms
2025-10-26 02:45:41.261 - CPU Idle. Intentando planificar...
2025-10-26 02:45:41.313 - Inicio Ciclo 221 @ Tiempo Simulado 11050ms
2025-10-26 02:45:41.313 - CPU Idle. Intentando planificar...
2025-10-26 02:45:41.365 - Inicio Ciclo 222 @ Tiempo Simulado 11100ms
2025-10-26 02:45:41.365 - CPU Idle. Intentando planificar...
2025-10-26 02:45:41.413 - Inicio Ciclo 223 @ Tiempo Simulado 11150ms
2025-10-26 02:45:41.413 - CPU Idle. Intentando planificar...
2025-10-26 02:45:41.463 - Inicio Ciclo 224 @ Tiempo Simulado 11200ms
2025-10-26 02:45:41.463 - CPU Idle. Intentando planificar...
2025-10-26 02:45:41.472 - Proceso 10 (nuevodia) cambió estado: BLOQUEADO -> LISTO
2025-10-26 02:45:41.514 - Inicio Ciclo 225 @ Tiempo Simulado 11250ms
2025-10-26 02:45:41.514 - Hilo E/S para Proceso 10 terminado. Proceso debería estar en LISTO.
2025-10-26 02:45:41.514 - WARN: Hilo E/S para ID 10 terminado, pero el proceso estaba en estado LISTO
2025-10-26 02:45:41.514 - CPU Idle. Intentando planificar...
2025-10-26 02:45:41.514 - CONTEXT SWITCH: Proceso 10 (nuevodia) seleccionado para ejecución.
2025-10-26 02:45:41.514 - Proceso 10 (nuevodia) cambió estado: LISTO -> EJECUCION
2025-10-26 02:45:41.524 - Proceso 10 (nuevodia) cambió estado: EJECUCION -> BLOQUEADO
2025-10-26 02:45:41.564 - Inicio Ciclo 226 @ Tiempo Simulado 11300ms
2025-10-26 02:45:41.564 - E/S Requerida: Proceso 10 (nuevodia)
2025-10-26 02:45:41.564 -    -> Proceso 10 pasa a BLOQUEADO.
2025-10-26 02:45:41.615 - Inicio Ciclo 227 @ Tiempo Simulado 11350ms
2025-10-26 02:45:41.615 - CPU Idle. Intentando planificar...
2025-10-26 02:45:41.666 - Inicio Ciclo 228 @ Tiempo Simulado 11400ms
2025-10-26 02:45:41.666 - CPU Idle. Intentando planificar...
2025-10-26 02:45:41.718 - Inicio Ciclo 229 @ Tiempo Simulado 11450ms
2025-10-26 02:45:41.718 - CPU Idle. Intentando planificar...
2025-10-26 02:45:41.770 - Inicio Ciclo 230 @ Tiempo Simulado 11500ms
2025-10-26 02:45:41.770 - CPU Idle. Intentando planificar...
2025-10-26 02:45:41.822 - Inicio Ciclo 231 @ Tiempo Simulado 11550ms
2025-10-26 02:45:41.822 - CPU Idle. Intentando planificar...
2025-10-26 02:45:41.872 - Inicio Ciclo 232 @ Tiempo Simulado 11600ms
2025-10-26 02:45:41.872 - CPU Idle. Intentando planificar...
2025-10-26 02:45:41.923 - Inicio Ciclo 233 @ Tiempo Simulado 11650ms
2025-10-26 02:45:41.923 - CPU Idle. Intentando planificar...
2025-10-26 02:45:41.973 - Inicio Ciclo 234 @ Tiempo Simulado 11700ms
2025-10-26 02:45:41.973 - CPU Idle. Intentando planificar...
2025-10-26 02:45:42.023 - Inicio Ciclo 235 @ Tiempo Simulado 11750ms
2025-10-26 02:45:42.023 - CPU Idle. Intentando planificar...
2025-10-26 02:45:42.076 - Inicio Ciclo 236 @ Tiempo Simulado 11800ms
2025-10-26 02:45:42.076 - CPU Idle. Intentando planificar...
2025-10-26 02:45:42.080 - Proceso 10 (nuevodia) cambió estado: BLOQUEADO -> LISTO
2025-10-26 02:45:42.126 - Inicio Ciclo 237 @ Tiempo Simulado 11850ms
2025-10-26 02:45:42.126 - Hilo E/S para Proceso 10 terminado. Proceso debería estar en LISTO.
2025-10-26 02:45:42.126 - WARN: Hilo E/S para ID 10 terminado, pero el proceso estaba en estado LISTO
2025-10-26 02:45:42.126 - CPU Idle. Intentando planificar...
2025-10-26 02:45:42.126 - CONTEXT SWITCH: Proceso 10 (nuevodia) seleccionado para ejecución.
2025-10-26 02:45:42.126 - Proceso 10 (nuevodia) cambió estado: LISTO -> EJECUCION
2025-10-26 02:45:42.135 - Proceso 10 (nuevodia) cambió estado: EJECUCION -> BLOQUEADO
2025-10-26 02:45:42.177 - Inicio Ciclo 238 @ Tiempo Simulado 11900ms
2025-10-26 02:45:42.177 - E/S Requerida: Proceso 10 (nuevodia)
2025-10-26 02:45:42.177 -    -> Proceso 10 pasa a BLOQUEADO.
2025-10-26 02:45:42.228 - Inicio Ciclo 239 @ Tiempo Simulado 11950ms
2025-10-26 02:45:42.228 - CPU Idle. Intentando planificar...
2025-10-26 02:45:42.279 - Inicio Ciclo 240 @ Tiempo Simulado 12000ms
2025-10-26 02:45:42.279 - CPU Idle. Intentando planificar...
2025-10-26 02:45:42.329 - Inicio Ciclo 241 @ Tiempo Simulado 12050ms
2025-10-26 02:45:42.329 - CPU Idle. Intentando planificar...
2025-10-26 02:45:42.379 - Inicio Ciclo 242 @ Tiempo Simulado 12100ms
2025-10-26 02:45:42.379 - CPU Idle. Intentando planificar...
2025-10-26 02:45:42.430 - Inicio Ciclo 243 @ Tiempo Simulado 12150ms
2025-10-26 02:45:42.430 - CPU Idle. Intentando planificar...
2025-10-26 02:45:42.481 - Inicio Ciclo 244 @ Tiempo Simulado 12200ms
2025-10-26 02:45:42.481 - CPU Idle. Intentando planificar...
2025-10-26 02:45:42.531 - Inicio Ciclo 245 @ Tiempo Simulado 12250ms
2025-10-26 02:45:42.531 - CPU Idle. Intentando planificar...
2025-10-26 02:45:42.583 - Inicio Ciclo 246 @ Tiempo Simulado 12300ms
2025-10-26 02:45:42.583 - CPU Idle. Intentando planificar...
2025-10-26 02:45:42.634 - Inicio Ciclo 247 @ Tiempo Simulado 12350ms
2025-10-26 02:45:42.634 - CPU Idle. Intentando planificar...
2025-10-26 02:45:42.685 - Inicio Ciclo 248 @ Tiempo Simulado 12400ms
2025-10-26 02:45:42.685 - CPU Idle. Intentando planificar...
2025-10-26 02:45:42.693 - Proceso 10 (nuevodia) cambió estado: BLOQUEADO -> LISTO
2025-10-26 02:45:42.735 - Inicio Ciclo 249 @ Tiempo Simulado 12450ms
2025-10-26 02:45:42.735 - Hilo E/S para Proceso 10 terminado. Proceso debería estar en LISTO.
2025-10-26 02:45:42.735 - WARN: Hilo E/S para ID 10 terminado, pero el proceso estaba en estado LISTO
2025-10-26 02:45:42.735 - CPU Idle. Intentando planificar...
2025-10-26 02:45:42.735 - CONTEXT SWITCH: Proceso 10 (nuevodia) seleccionado para ejecución.
2025-10-26 02:45:42.735 - Proceso 10 (nuevodia) cambió estado: LISTO -> EJECUCION
2025-10-26 02:45:42.743 - Proceso 10 (nuevodia) cambió estado: EJECUCION -> BLOQUEADO
2025-10-26 02:45:42.786 - Inicio Ciclo 250 @ Tiempo Simulado 12500ms
2025-10-26 02:45:42.786 - E/S Requerida: Proceso 10 (nuevodia)
2025-10-26 02:45:42.786 -    -> Proceso 10 pasa a BLOQUEADO.
2025-10-26 02:45:42.837 - Inicio Ciclo 251 @ Tiempo Simulado 12550ms
2025-10-26 02:45:42.837 - CPU Idle. Intentando planificar...
2025-10-26 02:45:42.888 - Inicio Ciclo 252 @ Tiempo Simulado 12600ms
2025-10-26 02:45:42.888 - CPU Idle. Intentando planificar...
2025-10-26 02:45:42.939 - Inicio Ciclo 253 @ Tiempo Simulado 12650ms
2025-10-26 02:45:42.939 - CPU Idle. Intentando planificar...
2025-10-26 02:45:42.991 - Inicio Ciclo 254 @ Tiempo Simulado 12700ms
2025-10-26 02:45:42.991 - CPU Idle. Intentando planificar...
2025-10-26 02:45:43.042 - Inicio Ciclo 255 @ Tiempo Simulado 12750ms
2025-10-26 02:45:43.042 - CPU Idle. Intentando planificar...
2025-10-26 02:45:43.094 - Inicio Ciclo 256 @ Tiempo Simulado 12800ms
2025-10-26 02:45:43.094 - CPU Idle. Intentando planificar...
2025-10-26 02:45:43.145 - Inicio Ciclo 257 @ Tiempo Simulado 12850ms
2025-10-26 02:45:43.145 - CPU Idle. Intentando planificar...
2025-10-26 02:45:43.196 - Inicio Ciclo 258 @ Tiempo Simulado 12900ms
2025-10-26 02:45:43.196 - CPU Idle. Intentando planificar...
2025-10-26 02:45:43.247 - Inicio Ciclo 259 @ Tiempo Simulado 12950ms
2025-10-26 02:45:43.247 - CPU Idle. Intentando planificar...
2025-10-26 02:45:43.298 - Inicio Ciclo 260 @ Tiempo Simulado 13000ms
2025-10-26 02:45:43.298 - CPU Idle. Intentando planificar...
2025-10-26 02:45:43.310 - Proceso 10 (nuevodia) cambió estado: BLOQUEADO -> LISTO
2025-10-26 02:45:43.350 - Inicio Ciclo 261 @ Tiempo Simulado 13050ms
2025-10-26 02:45:43.350 - Hilo E/S para Proceso 10 terminado. Proceso debería estar en LISTO.
2025-10-26 02:45:43.350 - WARN: Hilo E/S para ID 10 terminado, pero el proceso estaba en estado LISTO
2025-10-26 02:45:43.350 - CPU Idle. Intentando planificar...
2025-10-26 02:45:43.350 - CONTEXT SWITCH: Proceso 10 (nuevodia) seleccionado para ejecución.
2025-10-26 02:45:43.350 - Proceso 10 (nuevodia) cambió estado: LISTO -> EJECUCION
2025-10-26 02:45:43.359 - Proceso 10 (nuevodia) cambió estado: EJECUCION -> BLOQUEADO
2025-10-26 02:45:43.401 - Inicio Ciclo 262 @ Tiempo Simulado 13100ms
2025-10-26 02:45:43.401 - Proceso 10 (nuevodia) cambió estado: BLOQUEADO -> TERMINADO
2025-10-26 02:45:43.401 - PROCESO TERMINADO: ID=10, Nombre=nuevodia, Tiempo Retorno=16169ms
2025-10-26 02:48:23.233 - METRICAS FINALES: Procesos=10, Throughput=0.025 p/s, CPU Util=0.60%, T.RetornoAvg=27872.60ms, T.RespAvg=26793.20ms, T.EsperaAvg=24616.90ms
